Archive member included to satisfy reference by file (symbol)

c:/program files (x86)/atmel/studio/7.0/toolchain/avr8/avr8-gnu-toolchain/bin/../lib/gcc/avr/5.4.0/avr5\libgcc.a(_udivmodsi4.o)
                              src/ASF/mega/drivers/usart_mega.o (__udivmodsi4)
c:/program files (x86)/atmel/studio/7.0/toolchain/avr8/avr8-gnu-toolchain/bin/../lib/gcc/avr/5.4.0/avr5\libgcc.a(_exit.o)
                              C:/Program Files (x86)/Atmel/Studio/7.0/Packs/atmel/ATmega_DFP/1.2.132/gcc/dev/atmega324pa/avr5/crtatmega324pa.o (exit)
c:/program files (x86)/atmel/studio/7.0/toolchain/avr8/avr8-gnu-toolchain/bin/../lib/gcc/avr/5.4.0/avr5\libgcc.a(_tablejump2.o)
                              src/main.o (__tablejump2__)
c:/program files (x86)/atmel/studio/7.0/toolchain/avr8/avr8-gnu-toolchain/bin/../lib/gcc/avr/5.4.0/avr5\libgcc.a(_copy_data.o)
                              src/main.o (__do_copy_data)
c:/program files (x86)/atmel/studio/7.0/toolchain/avr8/avr8-gnu-toolchain/bin/../lib/gcc/avr/5.4.0/avr5\libgcc.a(_clear_bss.o)
                              src/main.o (__do_clear_bss)
c:/program files (x86)/atmel/studio/7.0/toolchain/avr8/avr8-gnu-toolchain/bin/../lib/gcc/avr/5.4.0/../../../../avr/lib/avr5\libc.a(atoi.o)
                              src/main.o (atoi)
c:/program files (x86)/atmel/studio/7.0/toolchain/avr8/avr8-gnu-toolchain/bin/../lib/gcc/avr/5.4.0/../../../../avr/lib/avr5\libc.a(memcmp.o)
                              src/MQTTConnectServer.o (memcmp)
c:/program files (x86)/atmel/studio/7.0/toolchain/avr8/avr8-gnu-toolchain/bin/../lib/gcc/avr/5.4.0/../../../../avr/lib/avr5\libc.a(memcpy.o)
                              src/MQTTPacket.o (memcpy)
c:/program files (x86)/atmel/studio/7.0/toolchain/avr8/avr8-gnu-toolchain/bin/../lib/gcc/avr/5.4.0/../../../../avr/lib/avr5\libc.a(strcat.o)
                              src/MQTT_functions.o (strcat)
c:/program files (x86)/atmel/studio/7.0/toolchain/avr8/avr8-gnu-toolchain/bin/../lib/gcc/avr/5.4.0/../../../../avr/lib/avr5\libc.a(strcpy.o)
                              src/main.o (strcpy)
c:/program files (x86)/atmel/studio/7.0/toolchain/avr8/avr8-gnu-toolchain/bin/../lib/gcc/avr/5.4.0/../../../../avr/lib/avr5\libc.a(strncmp.o)
                              src/MQTTPacket.o (strncmp)
c:/program files (x86)/atmel/studio/7.0/toolchain/avr8/avr8-gnu-toolchain/bin/../lib/gcc/avr/5.4.0/../../../../avr/lib/avr5\libc.a(strstr.o)
                              src/main.o (strstr)
c:/program files (x86)/atmel/studio/7.0/toolchain/avr8/avr8-gnu-toolchain/bin/../lib/gcc/avr/5.4.0/../../../../avr/lib/avr5\libc.a(itoa.o)
                              src/main.o (__itoa)
c:/program files (x86)/atmel/studio/7.0/toolchain/avr8/avr8-gnu-toolchain/bin/../lib/gcc/avr/5.4.0/../../../../avr/lib/avr5\libc.a(itoa_ncheck.o)
                              src/main.o (__itoa_ncheck)
c:/program files (x86)/atmel/studio/7.0/toolchain/avr8/avr8-gnu-toolchain/bin/../lib/gcc/avr/5.4.0/../../../../avr/lib/avr5\libc.a(mul10.o)
                              c:/program files (x86)/atmel/studio/7.0/toolchain/avr8/avr8-gnu-toolchain/bin/../lib/gcc/avr/5.4.0/../../../../avr/lib/avr5\libc.a(atoi.o) (__mulhi_const_10)
c:/program files (x86)/atmel/studio/7.0/toolchain/avr8/avr8-gnu-toolchain/bin/../lib/gcc/avr/5.4.0/../../../../avr/lib/avr5\libc.a(utoa_ncheck.o)
                              c:/program files (x86)/atmel/studio/7.0/toolchain/avr8/avr8-gnu-toolchain/bin/../lib/gcc/avr/5.4.0/../../../../avr/lib/avr5\libc.a(itoa_ncheck.o) (__utoa_common)
c:/program files (x86)/atmel/studio/7.0/toolchain/avr8/avr8-gnu-toolchain/bin/../lib/gcc/avr/5.4.0/../../../../avr/lib/avr5\libc.a(snprintf.o)
                              src/MQTTFormat.o (snprintf)
c:/program files (x86)/atmel/studio/7.0/toolchain/avr8/avr8-gnu-toolchain/bin/../lib/gcc/avr/5.4.0/../../../../avr/lib/avr5\libc.a(vfprintf_std.o)
                              c:/program files (x86)/atmel/studio/7.0/toolchain/avr8/avr8-gnu-toolchain/bin/../lib/gcc/avr/5.4.0/../../../../avr/lib/avr5\libc.a(snprintf.o) (vfprintf)
c:/program files (x86)/atmel/studio/7.0/toolchain/avr8/avr8-gnu-toolchain/bin/../lib/gcc/avr/5.4.0/../../../../avr/lib/avr5\libc.a(strnlen_P.o)
                              c:/program files (x86)/atmel/studio/7.0/toolchain/avr8/avr8-gnu-toolchain/bin/../lib/gcc/avr/5.4.0/../../../../avr/lib/avr5\libc.a(vfprintf_std.o) (strnlen_P)
c:/program files (x86)/atmel/studio/7.0/toolchain/avr8/avr8-gnu-toolchain/bin/../lib/gcc/avr/5.4.0/../../../../avr/lib/avr5\libc.a(strnlen.o)
                              c:/program files (x86)/atmel/studio/7.0/toolchain/avr8/avr8-gnu-toolchain/bin/../lib/gcc/avr/5.4.0/../../../../avr/lib/avr5\libc.a(vfprintf_std.o) (strnlen)
c:/program files (x86)/atmel/studio/7.0/toolchain/avr8/avr8-gnu-toolchain/bin/../lib/gcc/avr/5.4.0/../../../../avr/lib/avr5\libc.a(strrev.o)
[...]
Memory Configuration

Name             Origin             Length             Attributes
text             0x00000000         0x00020000         xr
data             0x00800060         0x0000ffa0         rw !x
eeprom           0x00810000         0x00010000         rw !x
fuse             0x00820000         0x00000003         rw !x
lock             0x00830000         0x00000400         rw !x
signature        0x00840000         0x00000400         rw !x
user_signatures  0x00850000         0x00000400         rw !x
*default*        0x00000000         0xffffffff

Linker script and memory map

Address of section .data set to 0x800100
LOAD C:/Program Files (x86)/Atmel/Studio/7.0/Packs/atmel/ATmega_DFP/1.2.132/gcc/dev/atmega324pa/avr5/crtatmega324pa.o
LOAD src/ASF/common/services/clock/mega/sysclk.o
LOAD src/ASF/mega/drivers/usart_mega.o
LOAD src/loadcell_logger.o
LOAD src/main.o
LOAD src/MQTTConnectClient.o
LOAD src/MQTTConnectServer.o
LOAD src/MQTTDeserializePublish.o
LOAD src/MQTTFormat.o
LOAD src/MQTTPacket.o
LOAD src/MQTTSerializePublish.o
LOAD src/MQTTSubscribeClient.o
LOAD src/MQTTSubscribeServer.o
LOAD src/MQTTUnsubscribeClient.o
LOAD src/MQTTUnsubscribeServer.o
LOAD src/MQTT_functions.o
LOAD src/ASF/common/boards/user_board/init.o
START GROUP
LOAD c:/program files (x86)/atmel/studio/7.0/toolchain/avr8/avr8-gnu-toolchain/bin/../lib/gcc/avr/5.4.0/../../../../avr/lib/avr5\libm.a
END GROUP
START GROUP
LOAD c:/program files (x86)/atmel/studio/7.0/toolchain/avr8/avr8-gnu-toolchain/bin/../lib/gcc/avr/5.4.0/avr5\libgcc.a
LOAD c:/program files (x86)/atmel/studio/7.0/toolchain/avr8/avr8-gnu-toolchain/bin/../lib/gcc/avr/5.4.0/../../../../avr/lib/avr5\libm.a
LOAD c:/program files (x86)/atmel/studio/7.0/toolchain/avr8/avr8-gnu-toolchain/bin/../lib/gcc/avr/5.4.0/../../../../avr/lib/avr5\libc.a
LOAD C:/Program Files (x86)/Atmel/Studio/7.0/Packs/atmel/ATmega_DFP/1.2.132/gcc/dev/atmega324pa/avr5\libatmega324pa.a
END GROUP
                0x00020000                __TEXT_REGION_LENGTH__ = DEFINED (__TEXT_REGION_LENGTH__)?__TEXT_REGION_LENGTH__:0x20000
                0x0000ffa0                __DATA_REGION_LENGTH__ = DEFINED (__DATA_REGION_LENGTH__)?__DATA_REGION_LENGTH__:0xffa0
                0x00010000                __EEPROM_REGION_LENGTH__ = DEFINED (__EEPROM_REGION_LENGTH__)?__EEPROM_REGION_LENGTH__:0x10000
                [0x00000003]                __FUSE_REGION_LENGTH__ = DEFINED (__FUSE_REGION_LENGTH__)?__FUSE_REGION_LENGTH__:0x400
                0x00000400                __LOCK_REGION_LENGTH__ = DEFINED (__LOCK_REGION_LENGTH__)?__LOCK_REGION_LENGTH__:0x400
                0x00000400                __SIGNATURE_REGION_LENGTH__ = DEFINED (__SIGNATURE_REGION_LENGTH__)?__SIGNATURE_REGION_LENGTH__:0x400
                0x00000400                __USER_SIGNATURE_REGION_LENGTH__ = DEFINED (__USER_SIGNATURE_REGION_LENGTH__)?__USER_SIGNATURE_REGION_LENGTH__:0x400

.hash
 *(.hash)

.dynsym
 *(.dynsym)

.dynstr
 *(.dynstr)

.gnu.version
 *(.gnu.version)

.gnu.version_d
 *(.gnu.version_d)

.gnu.version_r
 *(.gnu.version_r)

.rel.init
 *(.rel.init)

.rela.init
 *(.rela.init)

.rel.text
 *(.rel.text)
 *(.rel.text.*)
 *(.rel.gnu.linkonce.t*)

.rela.text
 *(.rela.text)
 *(.rela.text.*)
 *(.rela.gnu.linkonce.t*)

.rel.fini
 *(.rel.fini)

.rela.fini
 *(.rela.fini)

.rel.rodata
 *(.rel.rodata)
 *(.rel.rodata.*)
 *(.rel.gnu.linkonce.r*)

.rela.rodata
 *(.rela.rodata)
 *(.rela.rodata.*)
 *(.rela.gnu.linkonce.r*)

.rel.data
 *(.rel.data)
 *(.rel.data.*)
 *(.rel.gnu.linkonce.d*)

.rela.data
 *(.rela.data)
 *(.rela.data.*)
 *(.rela.gnu.linkonce.d*)

.rel.ctors
 *(.rel.ctors)

.rela.ctors
 *(.rela.ctors)

.rel.dtors
 *(.rel.dtors)

.rela.dtors
 *(.rela.dtors)

.rel.got
 *(.rel.got)

.rela.got
 *(.rela.got)

.rel.bss
 *(.rel.bss)

.rela.bss
 *(.rela.bss)

.rel.plt
 *(.rel.plt)

.rela.plt
 *(.rela.plt)

.text           0x00000000     0x15aa
 *(.vectors)
 .vectors       0x00000000       0x7c C:/Program Files (x86)/Atmel/Studio/7.0/Packs/atmel/ATmega_DFP/1.2.132/gcc/dev/atmega324pa/avr5/crtatmega324pa.o
                0x00000000                __vector_default
                0x00000000                __vectors
 *(.vectors)
 *(.progmem.gcc*)
 .progmem.gcc_sw_table.__vector_8
                0x0000007c       0x18 src/main.o
                0x00000094                . = ALIGN (0x2)
                0x00000094                __trampolines_start = .
 *(.trampolines)
 .trampolines   0x00000094        0x0 linker stubs
 *(.trampolines*)
                0x00000094                __trampolines_end = .
 *libprintf_flt.a:*(.progmem.data)
 *libc.a:*(.progmem.data)
 *(.progmem*)
                0x00000094                . = ALIGN (0x2)
 *(.jumptables)
 *(.jumptables*)
 *(.lowtext)
 *(.lowtext*)
                0x00000094                __ctors_start = .
 *(.ctors)
                0x00000094                __ctors_end = .
                0x00000094                __dtors_start = .
 *(.dtors)
                0x00000094                __dtors_end = .
 SORT(*)(.ctors)
 SORT(*)(.dtors)
 *(.init0)
 .init0         0x00000094        0x0 C:/Program Files (x86)/Atmel/Studio/7.0/Packs/atmel/ATmega_DFP/1.2.132/gcc/dev/atmega324pa/avr5/crtatmega324pa.o
                0x00000094                __init
 *(.init0)
 *(.init1)
 *(.init1)
 *(.init2)
 .init2         0x00000094        0xc C:/Program Files (x86)/Atmel/Studio/7.0/Packs/atmel/ATmega_DFP/1.2.132/gcc/dev/atmega324pa/avr5/crtatmega324pa.o
 *(.init2)
 *(.init3)
 *(.init3)
 *(.init4)
 .init4         0x000000a0       0x16 c:/program files (x86)/atmel/studio/7.0/toolchain/avr8/avr8-gnu-toolchain/bin/../lib/gcc/avr/5.4.0/avr5\libgcc.a(_copy_data.o)
                0x000000a0                __do_copy_data
 .init4         0x000000b6       0x10 c:/program files (x86)/atmel/studio/7.0/toolchain/avr8/avr8-gnu-toolchain/bin/../lib/gcc/avr/5.4.0/avr5\libgcc.a(_clear_bss.o)
                0x000000b6                __do_clear_bss
 *(.init4)
 *(.init5)
 *(.init5)
 *(.init6)
 *(.init6)
 *(.init7)
 *(.init7)
 *(.init8)
 *(.init8)
 *(.init9)
 .init9         0x000000c6        0x6 C:/Program Files (x86)/Atmel/Studio/7.0/Packs/atmel/ATmega_DFP/1.2.132/gcc/dev/atmega324pa/avr5/crtatmega324pa.o
 *(.init9)
 *(.text)
 .text          0x000000cc        0x2 C:/Program Files (x86)/Atmel/Studio/7.0/Packs/atmel/ATmega_DFP/1.2.132/gcc/dev/atmega324pa/avr5/crtatmega324pa.o
                0x000000cc                __vector_22
                0x000000cc                __vector_28
                0x000000cc                __vector_1
                0x000000cc                __vector_24
                0x000000cc                __vector_12
                0x000000cc                __bad_interrupt
                0x000000cc                __vector_6
                0x000000cc                __vector_3
                0x000000cc                __vector_23
                0x000000cc                __vector_30
                0x000000cc                __vector_25
                0x000000cc                __vector_11
                0x000000cc                __vector_13
                0x000000cc                __vector_17
                0x000000cc                __vector_19
                0x000000cc                __vector_7
                0x000000cc                __vector_27
                0x000000cc                __vector_5
                0x000000cc                __vector_4
                0x000000cc                __vector_9
                0x000000cc                __vector_2
                0x000000cc                __vector_21
                0x000000cc                __vector_15
                0x000000cc                __vector_29
                0x000000cc                __vector_26
                0x000000cc                __vector_14
                0x000000cc                __vector_10
                0x000000cc                __vector_16
                0x000000cc                __vector_18
                0x000000ce                . = ALIGN (0x2)
 *(.text.*)
 .text.sysclk_enable_module
                0x000000ce       0x30 src/ASF/common/services/clock/mega/sysclk.o
                0x000000ce                sysclk_enable_module
 .text.usart_putchar
                0x000000fe        0xe src/ASF/mega/drivers/usart_mega.o
                0x000000fe                usart_putchar
 .text.usart_getchar
                0x0000010c        0xc src/ASF/mega/drivers/usart_mega.o
                0x0000010c                usart_getchar
 .text.usart_set_baudrate
                0x00000118      0x116 src/ASF/mega/drivers/usart_mega.o
                0x00000118                usart_set_baudrate
 .text.usart_init_rs232
                0x0000022e       0x84 src/ASF/mega/drivers/usart_mega.o
                0x0000022e                usart_init_rs232
 .text.loadcell_min_max_tran
                0x000002b2       0x7a src/loadcell_logger.o
                0x000002b2                loadcell_min_max_tran
 .text.__portable_avr_delay_cycles
                0x0000032c       0x16 src/main.o
 .text.usart_tx_at
                0x00000342       0x28 src/main.o
                0x00000342                usart_tx_at
 .text.reset_tx_data
                0x0000036a       0x20 src/main.o
                0x0000036a                reset_tx_data
 .text.reset_char_array
                0x0000038a       0x1c src/main.o
                0x0000038a                reset_char_array
 .text.reset_all_data
                0x000003a6       0x1e src/main.o
                0x000003a6                reset_all_data
 .text.rtc_init_period
                0x000003c4       0x10 src/main.o
                0x000003c4                rtc_init_period
 .text.loadcell_pins_init
                0x000003d4        0x6 src/main.o
                0x000003d4                loadcell_pins_init
 .text.radio_pins_init
                0x000003da        0x6 src/main.o
                0x000003da                radio_pins_init
 .text.my_delay_10ms
                0x000003e0       0x1a src/main.o
                0x000003e0                my_delay_10ms
 .text.loadcell_power_on
                0x000003fa        0xe src/main.o
                0x000003fa                loadcell_power_on
 .text.loadcell_power_off
                0x00000408        0x4 src/main.o
                0x00000408                loadcell_power_off
 .text.radio_power_on
                0x0000040c       0x6e src/main.o
                0x0000040c                radio_power_on
 .text.radio_power_off_at
                0x0000047a       0x7a src/main.o
                0x0000047a                radio_power_off_at
 .text.adc_result_average
                0x000004f4       0xe8 src/main.o
                0x000004f4                adc_result_average
 .text.at_get_radio_network_time
                0x000005dc       0x70 src/main.o
                0x000005dc                at_get_radio_network_time
 .text.tx_at_response
                0x0000064c       0xfc src/main.o
                0x0000064c                tx_at_response
 .text.data_to_char
                0x00000748       0xbe src/main.o
                0x00000748                data_to_char
 .text.at_rf_connect
                0x00000806       0x3a src/main.o
                0x00000806                at_rf_connect
 .text.at_rf_disconnect
                0x00000840       0x14 src/main.o
                0x00000840                at_rf_disconnect
 .text.tx       0x00000854       0x8c src/main.o
                0x00000854                tx
 .text.__vector_20
                0x000008e0       0x78 src/main.o
                0x000008e0                __vector_20
 .text.__vector_8
                0x00000958      0x33a src/main.o
                0x00000958                __vector_8
 .text.main     0x00000c92       0x7a src/main.o
                0x00000c92                main
 .text.MQTTSerialize_connectLength
                0x00000d0c       0xc2 src/MQTTConnectClient.o
                0x00000d0c                MQTTSerialize_connectLength
 .text.MQTTSerialize_connect
                0x00000dce      0x190 src/MQTTConnectClient.o
                0x00000dce                MQTTSerialize_connect
 .text.MQTTSerialize_zero
                0x00000f5e       0x50 src/MQTTConnectClient.o
                0x00000f5e                MQTTSerialize_zero
 .text.MQTTSerialize_disconnect
                0x00000fae        0x6 src/MQTTConnectClient.o
                0x00000fae                MQTTSerialize_disconnect
 .text.MQTTPacket_encode
                0x00000fb4       0x4c src/MQTTPacket.o
                0x00000fb4                MQTTPacket_encode
 .text.MQTTPacket_len
                0x00001000       0x1e src/MQTTPacket.o
                0x00001000                MQTTPacket_len
 .text.writeChar
                0x0000101e       0x14 src/MQTTPacket.o
                0x0000101e                writeChar
 .text.writeInt
                0x00001032       0x3e src/MQTTPacket.o
                0x00001032                writeInt
 .text.writeCString
                0x00001070       0x4a src/MQTTPacket.o
                0x00001070                writeCString
 .text.writeMQTTString
                0x000010ba       0x7e src/MQTTPacket.o
                0x000010ba                writeMQTTString
 .text.MQTTstrlen
                0x00001138       0x4a src/MQTTPacket.o
                0x00001138                MQTTstrlen
 .text.MQTTSerialize_publishLength
                0x00001182       0x52 src/MQTTSerializePublish.o
                0x00001182                MQTTSerialize_publishLength
 .text.MQTTSerialize_publish
                0x000011d4      0x110 src/MQTTSerializePublish.o
                0x000011d4                MQTTSerialize_publish
 .text.mqtt_packet
                0x000012e4      0x142 src/MQTT_functions.o
                0x000012e4                mqtt_packet
 .text.board_init
                0x00001426        0x2 src/ASF/common/boards/user_board/init.o
                0x00001426                board_init
 .text.libgcc.div
                0x00001428       0x44 c:/program files (x86)/atmel/studio/7.0/toolchain/avr8/avr8-gnu-toolchain/bin/../lib/gcc/avr/5.4.0/avr5\libgcc.a(_udivmodsi4.o)
                0x00001428                __udivmodsi4
 .text.libgcc   0x0000146c        0xc c:/program files (x86)/atmel/studio/7.0/toolchain/avr8/avr8-gnu-toolchain/bin/../lib/gcc/avr/5.4.0/avr5\libgcc.a(_tablejump2.o)
                0x0000146c                __tablejump2__
 .text.avr-libc
                0x00001478       0x3a c:/program files (x86)/atmel/studio/7.0/toolchain/avr8/avr8-gnu-toolchain/bin/../lib/gcc/avr/5.4.0/../../../../avr/lib/avr5\libc.a(atoi.o)
                0x00001478                atoi
 .text.avr-libc
                0x000014b2       0x12 c:/program files (x86)/atmel/studio/7.0/toolchain/avr8/avr8-gnu-toolchain/bin/../lib/gcc/avr/5.4.0/../../../../avr/lib/avr5\libc.a(memcpy.o)
                0x000014b2                memcpy
 .text.avr-libc
                0x000014c4       0x16 c:/program files (x86)/atmel/studio/7.0/toolchain/avr8/avr8-gnu-toolchain/bin/../lib/gcc/avr/5.4.0/../../../../avr/lib/avr5\libc.a(strcat.o)
                0x000014c4                strcat
 .text.avr-libc
                0x000014da        0xe c:/program files (x86)/atmel/studio/7.0/toolchain/avr8/avr8-gnu-toolchain/bin/../lib/gcc/avr/5.4.0/../../../../avr/lib/avr5\libc.a(strcpy.o)
                0x000014da                strcpy
 .text.avr-libc
                0x000014e8       0x34 c:/program files (x86)/atmel/studio/7.0/toolchain/avr8/avr8-gnu-toolchain/bin/../lib/gcc/avr/5.4.0/../../../../avr/lib/avr5\libc.a(strstr.o)
                0x000014e8                strstr
 .text.avr-libc
                0x0000151c       0x14 c:/program files (x86)/atmel/studio/7.0/toolchain/avr8/avr8-gnu-toolchain/bin/../lib/gcc/avr/5.4.0/../../../../avr/lib/avr5\libc.a(itoa.o)
                0x0000151c                __itoa
                0x0000151c                itoa
 .text.avr-libc
                0x00001530       0x14 c:/program files (x86)/atmel/studio/7.0/toolchain/avr8/avr8-gnu-toolchain/bin/../lib/gcc/avr/5.4.0/../../../../avr/lib/avr5\libc.a(itoa_ncheck.o)
                0x00001530                __itoa_ncheck
 .text.avr-libc
                0x00001544       0x10 c:/program files (x86)/atmel/studio/7.0/toolchain/avr8/avr8-gnu-toolchain/bin/../lib/gcc/avr/5.4.0/../../../../avr/lib/avr5\libc.a(mul10.o)
                0x00001544                __mulhi_const_10
 .text.avr-libc
                0x00001554       0x32 c:/program files (x86)/atmel/studio/7.0/toolchain/avr8/avr8-gnu-toolchain/bin/../lib/gcc/avr/5.4.0/../../../../avr/lib/avr5\libc.a(utoa_ncheck.o)
                0x00001554                __utoa_ncheck
                0x00001556                __utoa_common
 .text.avr-libc
                0x00001586       0x20 c:/program files (x86)/atmel/studio/7.0/toolchain/avr8/avr8-gnu-toolchain/bin/../lib/gcc/avr/5.4.0/../../../../avr/lib/avr5\libc.a(strrev.o)
                0x00001586                strrev
                0x000015a6                . = ALIGN (0x2)
 *(.fini9)
 .fini9         0x000015a6        0x0 c:/program files (x86)/atmel/studio/7.0/toolchain/avr8/avr8-gnu-toolchain/bin/../lib/gcc/avr/5.4.0/avr5\libgcc.a(_exit.o)
                0x000015a6                _exit
                0x000015a6                exit
 *(.fini9)
 *(.fini8)
 *(.fini8)
 *(.fini7)
 *(.fini7)
 *(.fini6)
 *(.fini6)
 *(.fini5)
 *(.fini5)
 *(.fini4)
 *(.fini4)
 *(.fini3)
 *(.fini3)
 *(.fini2)
 *(.fini2)
 *(.fini1)
 *(.fini1)
 *(.fini0)
 .fini0         0x000015a6        0x4 c:/program files (x86)/atmel/studio/7.0/toolchain/avr8/avr8-gnu-toolchain/bin/../lib/gcc/avr/5.4.0/avr5\libgcc.a(_exit.o)
 *(.fini0)
                0x000015aa                _etext = .

.data           0x00800100      0x2fa load address 0x000015aa
                0x00800100                PROVIDE (__data_start, .)
 *(.data)
 *(.data*)
 .data.wdt_counter
                0x00800100        0x2 src/main.o
                0x00800100                wdt_counter
 .data.USART_OPTIONS
                0x00800102        0x7 src/main.o
 *(.rodata)
 .rodata        0x00800109       0x31 src/MQTT_functions.o
 *(.rodata*)
 .rodata.str1.1
                0x0080013a      0x1d2 src/main.o
                                0x1df (size before relaxing)
 .rodata.tx_data_reset_values
                0x0080030c       0x22 src/main.o
 .rodata.m95_disconnect
                0x0080032e       0x12 src/main.o
 .rodata.m95_tx
                0x00800340       0x24 src/main.o
 .rodata.m95_connect
                0x00800364       0x87 src/main.o
 .rodata.str1.1
                0x008003eb        0xc src/MQTTConnectClient.o
 .rodata.str1.1
                0x008003f7        0x3 src/MQTT_functions.o
                                  0x4 (size before relaxing)
 *(.gnu.linkonce.d*)
                0x008003fa                . = ALIGN (0x2)
                0x008003fa                _edata = .
                0x008003fa                PROVIDE (__data_end, .)

.bss            0x008003fa      0x124
                0x008003fa                PROVIDE (__bss_start, .)
 *(.bss)
 *(.bss*)
 .bss.transfer_data_package_counter
                0x008003fa        0x2 src/main.o
                0x008003fa                transfer_data_package_counter
 .bss.transfer_data_length_package
                0x008003fc        0x2 src/main.o
                0x008003fc                transfer_data_length_package
 .bss.tx_data_package
                0x008003fe       0x64 src/main.o
                0x008003fe                tx_data_package
 .bss.RTC_ISR_ACTIVE
                0x00800462        0x1 src/main.o
                0x00800462                RTC_ISR_ACTIVE
 .bss.accu_data
                0x00800463        0x4 src/main.o
                0x00800463                accu_data
 .bss.response_timeout_counter
                0x00800467        0x4 src/main.o
                0x00800467                response_timeout_counter
 .bss.response_timeout
                0x0080046b        0x4 src/main.o
                0x0080046b                response_timeout
 .bss.response_counter
                0x0080046f        0x1 src/main.o
                0x0080046f                response_counter
 .bss.transmit_counter
                0x00800470        0x2 src/main.o
                0x00800470                transmit_counter
 .bss.controller_next_state
                0x00800472        0x1 src/main.o
                0x00800472                controller_next_state
 .bss.controller_state
                0x00800473        0x1 src/main.o
                0x00800473                controller_state
 .bss.mqtt_sub_topic
                0x00800474        0x3 src/main.o
                0x00800474                mqtt_sub_topic
 *(COMMON)
 COMMON         0x00800477       0xa7 src/main.o
                0x00800477                response
                0x008004f7                tx_data_bytes
                0x008004fc                tx_data
                0x0080051e                PROVIDE (__bss_end, .)
                0x000015aa                __data_load_start = LOADADDR (.data)
                0x000018a4                __data_load_end = (__data_load_start + SIZEOF (.data))

.noinit         0x0080051e        0x0
                [!provide]                PROVIDE (__noinit_start, .)
 *(.noinit*)
                [!provide]                PROVIDE (__noinit_end, .)
                0x0080051e                _end = .
                [!provide]                PROVIDE (__heap_start, .)

.eeprom         0x00810000        0x0
 *(.eeprom*)
                0x00810000                __eeprom_end = .

.fuse
 *(.fuse)
 *(.lfuse)
 *(.hfuse)
 *(.efuse)

.lock
 *(.lock*)

.signature
 *(.signature*)

.user_signatures
 *(.user_signatures*)

.stab
 *(.stab)

.stabstr
 *(.stabstr)

.stab.excl
 *(.stab.excl)

.stab.exclstr
 *(.stab.exclstr)

.stab.index
 *(.stab.index)

.stab.indexstr
 *(.stab.indexstr)

.comment        0x00000000       0x30
 *(.comment)
 .comment       0x00000000       0x30 src/ASF/common/services/clock/mega/sysclk.o
                                 0x31 (size before relaxing)
 .comment       0x00000030       0x31 src/ASF/mega/drivers/usart_mega.o
 .comment       0x00000030       0x31 src/loadcell_logger.o
 .comment       0x00000030       0x31 src/main.o
 .comment       0x00000030       0x31 src/MQTTConnectClient.o
 .comment       0x00000030       0x31 src/MQTTPacket.o
 .comment       0x00000030       0x31 src/MQTTSerializePublish.o
 .comment       0x00000030       0x31 src/MQTT_functions.o
 .comment       0x00000030       0x31 src/ASF/common/boards/user_board/init.o

.note.gnu.avr.deviceinfo
                0x00000000       0x40
 .note.gnu.avr.deviceinfo
                0x00000000       0x40 C:/Program Files (x86)/Atmel/Studio/7.0/Packs/atmel/ATmega_DFP/1.2.132/gcc/dev/atmega324pa/avr5/crtatmega324pa.o

.note.gnu.build-id
 *(.note.gnu.build-id)

.debug
 *(.debug)

.line
 *(.line)

.debug_srcinfo
 *(.debug_srcinfo)

.debug_sfnames
 *(.debug_sfnames)

.debug_aranges  0x00000000      0x2f8
 *(.debug_aranges)
 .debug_aranges
                0x00000000       0x30 src/ASF/common/services/clock/mega/sysclk.o
 .debug_aranges
                0x00000030       0x50 src/ASF/mega/drivers/usart_mega.o
 .debug_aranges
                0x00000080       0x20 src/loadcell_logger.o
 .debug_aranges
                0x000000a0       0xe8 src/main.o
 .debug_aranges
                0x00000188       0x48 src/MQTTConnectClient.o
 .debug_aranges
                0x000001d0       0xa0 src/MQTTPacket.o
 .debug_aranges
                0x00000270       0x48 src/MQTTSerializePublish.o
 .debug_aranges
                0x000002b8       0x20 src/MQTT_functions.o
 .debug_aranges
                0x000002d8       0x20 src/ASF/common/boards/user_board/init.o

.debug_pubnames
 *(.debug_pubnames)

.debug_info     0x00000000     0x4c83
 *(.debug_info .gnu.linkonce.wi.*)
 .debug_info    0x00000000      0x6cc C:/Program Files (x86)/Atmel/Studio/7.0/Packs/atmel/ATmega_DFP/1.2.132/gcc/dev/atmega324pa/avr5/crtatmega324pa.o
 .debug_info    0x000006cc      0x2af src/ASF/common/services/clock/mega/sysclk.o
 .debug_info    0x0000097b      0x9a0 src/ASF/mega/drivers/usart_mega.o
 .debug_info    0x0000131b       0xdd src/loadcell_logger.o
 .debug_info    0x000013f8     0x194b src/main.o
 .debug_info    0x00002d43      0x9a9 src/MQTTConnectClient.o
 .debug_info    0x000036ec      0xa67 src/MQTTPacket.o
 .debug_info    0x00004153      0x6e8 src/MQTTSerializePublish.o
 .debug_info    0x0000483b      0x3cc src/MQTT_functions.o
 .debug_info    0x00004c07       0x7c src/ASF/common/boards/user_board/init.o

.debug_abbrev   0x00000000     0x1947
 *(.debug_abbrev)
 .debug_abbrev  0x00000000      0x66e C:/Program Files (x86)/Atmel/Studio/7.0/Packs/atmel/ATmega_DFP/1.2.132/gcc/dev/atmega324pa/avr5/crtatmega324pa.o
 .debug_abbrev  0x0000066e      0x1a6 src/ASF/common/services/clock/mega/sysclk.o
 .debug_abbrev  0x00000814      0x2ff src/ASF/mega/drivers/usart_mega.o
 .debug_abbrev  0x00000b13       0x7f src/loadcell_logger.o
 .debug_abbrev  0x00000b92      0x517 src/main.o
 .debug_abbrev  0x000010a9      0x1e3 src/MQTTConnectClient.o
 .debug_abbrev  0x0000128c      0x3a1 src/MQTTPacket.o
 .debug_abbrev  0x0000162d      0x1a9 src/MQTTSerializePublish.o
 .debug_abbrev  0x000017d6      0x12a src/MQTT_functions.o
 .debug_abbrev  0x00001900       0x47 src/ASF/common/boards/user_board/init.o

.debug_line     0x00000000     0x3711
 *(.debug_line .debug_line.* .debug_line_end)
 .debug_line    0x00000000      0x151 C:/Program Files (x86)/Atmel/Studio/7.0/Packs/atmel/ATmega_DFP/1.2.132/gcc/dev/atmega324pa/avr5/crtatmega324pa.o
 .debug_line    0x00000151      0x4ba src/ASF/common/services/clock/mega/sysclk.o
 .debug_line    0x0000060b      0x708 src/ASF/mega/drivers/usart_mega.o
 .debug_line    0x00000d13      0x61b src/loadcell_logger.o
 .debug_line    0x0000132e      0xf2a src/main.o
 .debug_line    0x00002258      0x3ed src/MQTTConnectClient.o
 .debug_line    0x00002645      0x5ed src/MQTTPacket.o
 .debug_line    0x00002c32      0x300 src/MQTTSerializePublish.o
 .debug_line    0x00002f32      0x248 src/MQTT_functions.o
 .debug_line    0x0000317a      0x597 src/ASF/common/boards/user_board/init.o

.debug_frame    0x00000000      0xab4
 *(.debug_frame)
 .debug_frame   0x00000000       0x74 src/ASF/common/services/clock/mega/sysclk.o
 .debug_frame   0x00000074      0x130 src/ASF/mega/drivers/usart_mega.o
 .debug_frame   0x000001a4       0x24 src/loadcell_logger.o
 .debug_frame   0x000001c8      0x3c8 src/main.o
 .debug_frame   0x00000590      0x10c src/MQTTConnectClient.o
 .debug_frame   0x0000069c      0x230 src/MQTTPacket.o
 .debug_frame   0x000008cc      0x140 src/MQTTSerializePublish.o
 .debug_frame   0x00000a0c       0x84 src/MQTT_functions.o
 .debug_frame   0x00000a90       0x24 src/ASF/common/boards/user_board/init.o

.debug_str      0x00000000    0x14f49
 *(.debug_str)
 .debug_str     0x00000000      0x255 C:/Program Files (x86)/Atmel/Studio/7.0/Packs/atmel/ATmega_DFP/1.2.132/gcc/dev/atmega324pa/avr5/crtatmega324pa.o
 .debug_str     0x00000255    0x10b79 src/ASF/common/services/clock/mega/sysclk.o
                              0x10d6b (size before relaxing)
 .debug_str     0x00010dce      0xbd6 src/ASF/mega/drivers/usart_mega.o
                              0x118f0 (size before relaxing)
 .debug_str     0x000119a4      0xcfc src/loadcell_logger.o
                              0x11b23 (size before relaxing)
 .debug_str     0x000126a0     0x2313 src/main.o
                              0x145b9 (size before relaxing)
 .debug_str     0x000149b3      0x340 src/MQTTConnectClient.o
                               0x46cd (size before relaxing)
 .debug_str     0x00014cf3      0x133 src/MQTTPacket.o
                               0x45bf (size before relaxing)
 .debug_str     0x00014e26       0xbe src/MQTTSerializePublish.o
                               0x45a3 (size before relaxing)
 .debug_str     0x00014ee4       0x3a src/MQTT_functions.o
                               0x44e8 (size before relaxing)
 .debug_str     0x00014f1e       0x2b src/ASF/common/boards/user_board/init.o
                              0x11535 (size before relaxing)

.debug_loc      0x00000000     0x3dc9
 *(.debug_loc)
 .debug_loc     0x00000000      0x1f2 src/ASF/common/services/clock/mega/sysclk.o
 .debug_loc     0x000001f2      0xacb src/ASF/mega/drivers/usart_mega.o
 .debug_loc     0x00000cbd       0xd9 src/loadcell_logger.o
 .debug_loc     0x00000d96     0x1029 src/main.o
 .debug_loc     0x00001dbf      0x6d1 src/MQTTConnectClient.o
 .debug_loc     0x00002490      0xed1 src/MQTTPacket.o
 .debug_loc     0x00003361      0x82c src/MQTTSerializePublish.o
 .debug_loc     0x00003b8d      0x23c src/MQTT_functions.o

.debug_macinfo
 *(.debug_macinfo)

.debug_weaknames
 *(.debug_weaknames)

.debug_funcnames
 *(.debug_funcnames)

.debug_typenames
 *(.debug_typenames)

.debug_varnames
 *(.debug_varnames)

.debug_pubtypes
 *(.debug_pubtypes)

.debug_ranges   0x00000000      0x298
 *(.debug_ranges)
 .debug_ranges  0x00000000       0x20 src/ASF/common/services/clock/mega/sysclk.o
 .debug_ranges  0x00000020       0x40 src/ASF/mega/drivers/usart_mega.o
 .debug_ranges  0x00000060       0x10 src/loadcell_logger.o
 .debug_ranges  0x00000070       0xf0 src/main.o
 .debug_ranges  0x00000160       0x38 src/MQTTConnectClient.o
 .debug_ranges  0x00000198       0xa8 src/MQTTPacket.o
 .debug_ranges  0x00000240       0x38 src/MQTTSerializePublish.o
 .debug_ranges  0x00000278       0x10 src/MQTT_functions.o
 .debug_ranges  0x00000288       0x10 src/ASF/common/boards/user_board/init.o

.debug_macro    0x00000000     0x5f73
 *(.debug_macro)
 .debug_macro   0x00000000      0x15b src/ASF/common/services/clock/mega/sysclk.o
 .debug_macro   0x0000015b      0xa4e src/ASF/common/services/clock/mega/sysclk.o
 .debug_macro   0x00000ba9       0x10 src/ASF/common/services/clock/mega/sysclk.o
 .debug_macro   0x00000bb9      0x1c9 src/ASF/common/services/clock/mega/sysclk.o
 .debug_macro   0x00000d82      0x2fc src/ASF/common/services/clock/mega/sysclk.o
 .debug_macro   0x0000107e       0x9e src/ASF/common/services/clock/mega/sysclk.o
 .debug_macro   0x0000111c     0x1e74 src/ASF/common/services/clock/mega/sysclk.o
 .debug_macro   0x00002f90      0x171 src/ASF/common/services/clock/mega/sysclk.o
 .debug_macro   0x00003101       0xbd src/ASF/common/services/clock/mega/sysclk.o
 .debug_macro   0x000031be       0x34 src/ASF/common/services/clock/mega/sysclk.o
 .debug_macro   0x000031f2       0x18 src/ASF/common/services/clock/mega/sysclk.o
 .debug_macro   0x0000320a       0x6c src/ASF/common/services/clock/mega/sysclk.o
 .debug_macro   0x00003276       0x22 src/ASF/common/services/clock/mega/sysclk.o
 .debug_macro   0x00003298      0x16d src/ASF/common/services/clock/mega/sysclk.o
 .debug_macro   0x00003405       0x1c src/ASF/common/services/clock/mega/sysclk.o
 .debug_macro   0x00003421       0x35 src/ASF/common/services/clock/mega/sysclk.o
 .debug_macro   0x00003456       0x66 src/ASF/common/services/clock/mega/sysclk.o
 .debug_macro   0x000034bc      0x64b src/ASF/common/services/clock/mega/sysclk.o
 .debug_macro   0x00003b07       0x44 src/ASF/common/services/clock/mega/sysclk.o
 .debug_macro   0x00003b4b       0x69 src/ASF/common/services/clock/mega/sysclk.o
 .debug_macro   0x00003bb4       0x2c src/ASF/common/services/clock/mega/sysclk.o
 .debug_macro   0x00003be0       0x10 src/ASF/common/services/clock/mega/sysclk.o
 .debug_macro   0x00003bf0       0xe2 src/ASF/common/services/clock/mega/sysclk.o
 .debug_macro   0x00003cd2       0x40 src/ASF/common/services/clock/mega/sysclk.o
 .debug_macro   0x00003d12      0x100 src/ASF/common/services/clock/mega/sysclk.o
 .debug_macro   0x00003e12       0x3a src/ASF/common/services/clock/mega/sysclk.o
 .debug_macro   0x00003e4c      0x2c6 src/ASF/common/services/clock/mega/sysclk.o
 .debug_macro   0x00004112       0xa7 src/ASF/common/services/clock/mega/sysclk.o
 .debug_macro   0x000041b9      0x182 src/ASF/mega/drivers/usart_mega.o
 .debug_macro   0x0000433b      0x302 src/ASF/mega/drivers/usart_mega.o
 .debug_macro   0x0000463d      0x1c8 src/ASF/mega/drivers/usart_mega.o
 .debug_macro   0x00004805       0x5c src/ASF/mega/drivers/usart_mega.o
 .debug_macro   0x00004861      0x1ff src/loadcell_logger.o
 .debug_macro   0x00004a60      0x166 src/loadcell_logger.o
 .debug_macro   0x00004bc6       0x60 src/loadcell_logger.o
 .debug_macro   0x00004c26       0x1c src/loadcell_logger.o
 .debug_macro   0x00004c42       0x10 src/loadcell_logger.o
 .debug_macro   0x00004c52       0x28 src/loadcell_logger.o
 .debug_macro   0x00004c7a       0x28 src/loadcell_logger.o
 .debug_macro   0x00004ca2       0x23 src/loadcell_logger.o
 .debug_macro   0x00004cc5       0x40 src/loadcell_logger.o
 .debug_macro   0x00004d05       0x16 src/loadcell_logger.o
 .debug_macro   0x00004d1b       0x40 src/loadcell_logger.o
 .debug_macro   0x00004d5b      0x461 src/main.o
 .debug_macro   0x000051bc      0x160 src/main.o
 .debug_macro   0x0000531c       0x68 src/main.o
 .debug_macro   0x00005384       0x49 src/main.o
 .debug_macro   0x000053cd      0x1ce src/main.o
 .debug_macro   0x0000559b       0x40 src/main.o
 .debug_macro   0x000055db      0x1d4 src/main.o
 .debug_macro   0x000057af       0x46 src/main.o
 .debug_macro   0x000057f5       0x1c src/main.o
 .debug_macro   0x00005811       0x16 src/main.o
 .debug_macro   0x00005827       0x58 src/main.o
 .debug_macro   0x0000587f       0x10 src/main.o
 .debug_macro   0x0000588f       0xf2 src/main.o
 .debug_macro   0x00005981       0x4c src/main.o
 .debug_macro   0x000059cd       0xbd src/MQTTConnectClient.o
 .debug_macro   0x00005a8a       0x97 src/MQTTConnectClient.o
 .debug_macro   0x00005b21       0x20 src/MQTTConnectClient.o
 .debug_macro   0x00005b41       0x16 src/MQTTConnectClient.o
 .debug_macro   0x00005b57       0xc3 src/MQTTPacket.o
 .debug_macro   0x00005c1a       0xbd src/MQTTSerializePublish.o
 .debug_macro   0x00005cd7       0xc7 src/MQTT_functions.o
 .debug_macro   0x00005d9e      0x1d5 src/ASF/common/boards/user_board/init.o
OUTPUT(NB_IOT_MEGA324PA.elf elf32-avr)
LOAD linker stubs
