Archive member included to satisfy reference by file (symbol)

c:/program files (x86)/atmel/studio/7.0/toolchain/avr8/avr8-gnu-toolchain/bin/../lib/gcc/avr/5.4.0/../../../../avr/lib/avrxmega7\libm.a(divsf3.o)
                              src/usart_example.o (__divsf3)
c:/program files (x86)/atmel/studio/7.0/toolchain/avr8/avr8-gnu-toolchain/bin/../lib/gcc/avr/5.4.0/../../../../avr/lib/avrxmega7\libm.a(divsf3x.o)
                              c:/program files (x86)/atmel/studio/7.0/toolchain/avr8/avr8-gnu-toolchain/bin/../lib/gcc/avr/5.4.0/../../../../avr/lib/avrxmega7\libm.a(divsf3.o) (__divsf3x)
c:/program files (x86)/atmel/studio/7.0/toolchain/avr8/avr8-gnu-toolchain/bin/../lib/gcc/avr/5.4.0/../../../../avr/lib/avrxmega7\libm.a(fixsfdi.o)
                              src/usart_example.o (__fixunssfdi)
c:/program files (x86)/atmel/studio/7.0/toolchain/avr8/avr8-gnu-toolchain/bin/../lib/gcc/avr/5.4.0/../../../../avr/lib/avrxmega7\libm.a(floatundisf.o)
                              src/usart_example.o (__floatundisf)
c:/program files (x86)/atmel/studio/7.0/toolchain/avr8/avr8-gnu-toolchain/bin/../lib/gcc/avr/5.4.0/../../../../avr/lib/avrxmega7\libm.a(fp_inf.o)
                              c:/program files (x86)/atmel/studio/7.0/toolchain/avr8/avr8-gnu-toolchain/bin/../lib/gcc/avr/5.4.0/../../../../avr/lib/avrxmega7\libm.a(divsf3x.o) (__fp_inf)
c:/program files (x86)/atmel/studio/7.0/toolchain/avr8/avr8-gnu-toolchain/bin/../lib/gcc/avr/5.4.0/../../../../avr/lib/avrxmega7\libm.a(fp_nan.o)
                              c:/program files (x86)/atmel/studio/7.0/toolchain/avr8/avr8-gnu-toolchain/bin/../lib/gcc/avr/5.4.0/../../../../avr/lib/avrxmega7\libm.a(divsf3x.o) (__fp_nan)
c:/program files (x86)/atmel/studio/7.0/toolchain/avr8/avr8-gnu-toolchain/bin/../lib/gcc/avr/5.4.0/../../../../avr/lib/avrxmega7\libm.a(fp_negdi.o)
                              c:/program files (x86)/atmel/studio/7.0/toolchain/avr8/avr8-gnu-toolchain/bin/../lib/gcc/avr/5.4.0/../../../../avr/lib/avrxmega7\libm.a(fixsfdi.o) (__fp_negdi)
c:/program files (x86)/atmel/studio/7.0/toolchain/avr8/avr8-gnu-toolchain/bin/../lib/gcc/avr/5.4.0/../../../../avr/lib/avrxmega7\libm.a(fp_pscA.o)
                              c:/program files (x86)/atmel/studio/7.0/toolchain/avr8/avr8-gnu-toolchain/bin/../lib/gcc/avr/5.4.0/../../../../avr/lib/avrxmega7\libm.a(divsf3x.o) (__fp_pscA)
c:/program files (x86)/atmel/studio/7.0/toolchain/avr8/avr8-gnu-toolchain/bin/../lib/gcc/avr/5.4.0/../../../../avr/lib/avrxmega7\libm.a(fp_pscB.o)
                              c:/program files (x86)/atmel/studio/7.0/toolchain/avr8/avr8-gnu-toolchain/bin/../lib/gcc/avr/5.4.0/../../../../avr/lib/avrxmega7\libm.a(divsf3x.o) (__fp_pscB)
c:/program files (x86)/atmel/studio/7.0/toolchain/avr8/avr8-gnu-toolchain/bin/../lib/gcc/avr/5.4.0/../../../../avr/lib/avrxmega7\libm.a(fp_round.o)
                              c:/program files (x86)/atmel/studio/7.0/toolchain/avr8/avr8-gnu-toolchain/bin/../lib/gcc/avr/5.4.0/../../../../avr/lib/avrxmega7\libm.a(divsf3.o) (__fp_round)
c:/program files (x86)/atmel/studio/7.0/toolchain/avr8/avr8-gnu-toolchain/bin/../lib/gcc/avr/5.4.0/../../../../avr/lib/avrxmega7\libm.a(fp_split3.o)
                              c:/program files (x86)/atmel/studio/7.0/toolchain/avr8/avr8-gnu-toolchain/bin/../lib/gcc/avr/5.4.0/../../../../avr/lib/avrxmega7\libm.a(divsf3x.o) (__fp_split3)
c:/program files (x86)/atmel/studio/7.0/toolchain/avr8/avr8-gnu-toolchain/bin/../lib/gcc/avr/5.4.0/../../../../avr/lib/avrxmega7\libm.a(fp_zero.o)
                              c:/program files (x86)/atmel/studio/7.0/toolchain/avr8/avr8-gnu-toolchain/bin/../lib/gcc/avr/5.4.0/../../../../avr/lib/avrxmega7\libm.a(divsf3x.o) (__fp_szero)
c:/program files (x86)/atmel/studio/7.0/toolchain/avr8/avr8-gnu-toolchain/bin/../lib/gcc/avr/5.4.0/avrxmega7\libgcc.a(_divmodhi4.o)
                              src/umqtt.o (__divmodhi4)
c:/program files (x86)/atmel/studio/7.0/toolchain/avr8/avr8-gnu-toolchain/bin/../lib/gcc/avr/5.4.0/avrxmega7\libgcc.a(_udivmodsi4.o)
                              src/ASF/xmega/drivers/usart/usart.o (__udivmodsi4)
c:/program files (x86)/atmel/studio/7.0/toolchain/avr8/avr8-gnu-toolchain/bin/../lib/gcc/avr/5.4.0/avrxmega7\libgcc.a(_exit.o)
                              C:/Program Files (x86)/Atmel/Studio/7.0/Packs/atmel/XMEGAA_DFP/1.1.68/gcc/dev/atxmega128a1u/avrxmega7/crtatxmega128a1u.o (exit)
c:/program files (x86)/atmel/studio/7.0/toolchain/avr8/avr8-gnu-toolchain/bin/../lib/gcc/avr/5.4.0/avrxmega7\libgcc.a(_tablejump2.o)
                              src/MQTTFormat.o (__tablejump2__)
c:/program files (x86)/atmel/studio/7.0/toolchain/avr8/avr8-gnu-toolchain/bin/../lib/gcc/avr/5.4.0/avrxmega7\libgcc.a(_copy_data.o)
                              src/ASF/common/services/sleepmgr/xmega/sleepmgr.o (__do_copy_data)
c:/program files (x86)/atmel/studio/7.0/toolchain/avr8/avr8-gnu-toolchain/bin/../lib/gcc/avr/5.4.0/avrxmega7\libgcc.a(_clear_bss.o)
[...]
Memory Configuration

Name             Origin             Length             Attributes
text             0x00000000         0x00100000         xr
data             0x00802000         0x0000ffa0         rw !x
eeprom           0x00810000         0x00010000         rw !x
fuse             0x00820000         0x00000006         rw !x
lock             0x00830000         0x00000400         rw !x
signature        0x00840000         0x00000400         rw !x
user_signatures  0x00850000         0x00000400         rw !x
*default*        0x00000000         0xffffffff

Linker script and memory map

LOAD C:/Program Files (x86)/Atmel/Studio/7.0/Packs/atmel/XMEGAA_DFP/1.1.68/gcc/dev/atxmega128a1u/avrxmega7/crtatxmega128a1u.o
LOAD src/ASF/common/services/sleepmgr/xmega/sleepmgr.o
LOAD src/ASF/xmega/drivers/adc/adc.o
LOAD src/ASF/xmega/drivers/adc/xmega_aau/adc_aau.o
LOAD src/MQTTConnectClient.o
LOAD src/MQTTConnectServer.o
LOAD src/MQTTDeserializePublish.o
LOAD src/MQTTFormat.o
LOAD src/MQTTPacket.o
LOAD src/MQTTSerializePublish.o
LOAD src/MQTTSubscribeClient.o
LOAD src/MQTTSubscribeServer.o
LOAD src/MQTTUnsubscribeClient.o
LOAD src/MQTTUnsubscribeServer.o
LOAD src/umqtt.o
LOAD src/ASF/common/services/clock/xmega/sysclk.o
LOAD src/ASF/common/services/ioport/xmega/ioport_compat.o
LOAD src/ASF/xmega/boards/xmega_a1u_xplained_pro/board_init.o
LOAD src/ASF/xmega/drivers/cpu/ccp.o
LOAD src/ASF/xmega/drivers/nvm/nvm.o
LOAD src/ASF/xmega/drivers/nvm/nvm_asm.o
LOAD src/ASF/xmega/drivers/usart/usart.o
LOAD src/at_parser.o
LOAD src/usart_example.o
START GROUP
LOAD c:/program files (x86)/atmel/studio/7.0/toolchain/avr8/avr8-gnu-toolchain/bin/../lib/gcc/avr/5.4.0/../../../../avr/lib/avrxmega7\libm.a
END GROUP
Address of section .BOOT set to 0x20000
START GROUP
LOAD c:/program files (x86)/atmel/studio/7.0/toolchain/avr8/avr8-gnu-toolchain/bin/../lib/gcc/avr/5.4.0/avrxmega7\libgcc.a
LOAD c:/program files (x86)/atmel/studio/7.0/toolchain/avr8/avr8-gnu-toolchain/bin/../lib/gcc/avr/5.4.0/../../../../avr/lib/avrxmega7\libm.a
LOAD c:/program files (x86)/atmel/studio/7.0/toolchain/avr8/avr8-gnu-toolchain/bin/../lib/gcc/avr/5.4.0/../../../../avr/lib/avrxmega7\libc.a
LOAD C:/Program Files (x86)/Atmel/Studio/7.0/Packs/atmel/XMEGAA_DFP/1.1.68/gcc/dev/atxmega128a1u/avrxmega7\libatxmega128a1u.a
END GROUP
                0x00100000                __TEXT_REGION_LENGTH__ = DEFINED (__TEXT_REGION_LENGTH__)?__TEXT_REGION_LENGTH__:0x100000
                0x0000ffa0                __DATA_REGION_LENGTH__ = DEFINED (__DATA_REGION_LENGTH__)?__DATA_REGION_LENGTH__:0xffa0
                0x00010000                __EEPROM_REGION_LENGTH__ = DEFINED (__EEPROM_REGION_LENGTH__)?__EEPROM_REGION_LENGTH__:0x10000
                [0x00000006]                __FUSE_REGION_LENGTH__ = DEFINED (__FUSE_REGION_LENGTH__)?__FUSE_REGION_LENGTH__:0x400
                0x00000400                __LOCK_REGION_LENGTH__ = DEFINED (__LOCK_REGION_LENGTH__)?__LOCK_REGION_LENGTH__:0x400
                0x00000400                __SIGNATURE_REGION_LENGTH__ = DEFINED (__SIGNATURE_REGION_LENGTH__)?__SIGNATURE_REGION_LENGTH__:0x400
                0x00000400                __USER_SIGNATURE_REGION_LENGTH__ = DEFINED (__USER_SIGNATURE_REGION_LENGTH__)?__USER_SIGNATURE_REGION_LENGTH__:0x400

.hash
 *(.hash)

.dynsym
 *(.dynsym)

.dynstr
 *(.dynstr)

.gnu.version
 *(.gnu.version)

.gnu.version_d
 *(.gnu.version_d)

.gnu.version_r
 *(.gnu.version_r)

.rel.init
 *(.rel.init)

.rela.init
 *(.rela.init)

.rel.text
 *(.rel.text)
 *(.rel.text.*)
 *(.rel.gnu.linkonce.t*)

.rela.text
 *(.rela.text)
 *(.rela.text.*)
 *(.rela.gnu.linkonce.t*)

.rel.fini
 *(.rel.fini)

.rela.fini
 *(.rela.fini)

.rel.rodata
 *(.rel.rodata)
 *(.rel.rodata.*)
 *(.rel.gnu.linkonce.r*)

.rela.rodata
 *(.rela.rodata)
 *(.rela.rodata.*)
 *(.rela.gnu.linkonce.r*)

.rel.data
 *(.rel.data)
 *(.rel.data.*)
 *(.rel.gnu.linkonce.d*)

.rela.data
 *(.rela.data)
 *(.rela.data.*)
 *(.rela.gnu.linkonce.d*)

.rel.ctors
 *(.rel.ctors)

.rela.ctors
 *(.rela.ctors)

.rel.dtors
 *(.rel.dtors)

.rela.dtors
 *(.rela.dtors)

.rel.got
 *(.rel.got)

.rela.got
 *(.rela.got)

.rel.bss
 *(.rel.bss)

.rela.bss
 *(.rela.bss)

.rel.plt
 *(.rel.plt)

.rela.plt
 *(.rela.plt)

.text           0x00000000     0x2568
 *(.vectors)
 .vectors       0x00000000      0x1fc C:/Program Files (x86)/Atmel/Studio/7.0/Packs/atmel/XMEGAA_DFP/1.1.68/gcc/dev/atxmega128a1u/avrxmega7/crtatxmega128a1u.o
                0x00000000                __vector_default
                0x00000000                __vectors
 *(.vectors)
 *(.progmem.gcc*)
 .progmem.gcc_sw_table.main
                0x000001fc       0x14 src/usart_example.o
                0x00000210                . = ALIGN (0x2)
                0x00000210                __trampolines_start = .
 *(.trampolines)
 .trampolines   0x00000210        0x0 linker stubs
 *(.trampolines*)
                0x00000210                __trampolines_end = .
 *libprintf_flt.a:*(.progmem.data)
 *libc.a:*(.progmem.data)
 *(.progmem*)
                0x00000210                . = ALIGN (0x2)
 *(.jumptables)
 *(.jumptables*)
 *(.lowtext)
 *(.lowtext*)
                0x00000210                __ctors_start = .
 *(.ctors)
                0x00000210                __ctors_end = .
                0x00000210                __dtors_start = .
 *(.dtors)
                0x00000210                __dtors_end = .
 SORT(*)(.ctors)
 SORT(*)(.dtors)
 *(.init0)
 .init0         0x00000210        0x0 C:/Program Files (x86)/Atmel/Studio/7.0/Packs/atmel/XMEGAA_DFP/1.1.68/gcc/dev/atxmega128a1u/avrxmega7/crtatxmega128a1u.o
                0x00000210                __init
 *(.init0)
 *(.init1)
 *(.init1)
 *(.init2)
 .init2         0x00000210       0x18 C:/Program Files (x86)/Atmel/Studio/7.0/Packs/atmel/XMEGAA_DFP/1.1.68/gcc/dev/atxmega128a1u/avrxmega7/crtatxmega128a1u.o
 *(.init2)
 *(.init3)
 *(.init3)
 *(.init4)
 .init4         0x00000228       0x1c c:/program files (x86)/atmel/studio/7.0/toolchain/avr8/avr8-gnu-toolchain/bin/../lib/gcc/avr/5.4.0/avrxmega7\libgcc.a(_copy_data.o)
                0x00000228                __do_copy_data
 .init4         0x00000244       0x10 c:/program files (x86)/atmel/studio/7.0/toolchain/avr8/avr8-gnu-toolchain/bin/../lib/gcc/avr/5.4.0/avrxmega7\libgcc.a(_clear_bss.o)
                0x00000244                __do_clear_bss
 *(.init4)
 *(.init5)
 *(.init5)
 *(.init6)
 *(.init6)
 *(.init7)
 *(.init7)
 *(.init8)
 *(.init8)
 *(.init9)
 .init9         0x00000254        0x8 C:/Program Files (x86)/Atmel/Studio/7.0/Packs/atmel/XMEGAA_DFP/1.1.68/gcc/dev/atxmega128a1u/avrxmega7/crtatxmega128a1u.o
 *(.init9)
 *(.text)
 .text          0x0000025c        0x2 C:/Program Files (x86)/Atmel/Studio/7.0/Packs/atmel/XMEGAA_DFP/1.1.68/gcc/dev/atxmega128a1u/avrxmega7/crtatxmega128a1u.o
                0x0000025c                __vector_38
                0x0000025c                __vector_104
                0x0000025c                __vector_22
                0x0000025c                __vector_63
                0x0000025c                __vector_28
                0x0000025c                __vector_67
                0x0000025c                __vector_1
                0x0000025c                __vector_119
                0x0000025c                __vector_32
                0x0000025c                __vector_75
                0x0000025c                __vector_91
                0x0000025c                __vector_34
                0x0000025c                __vector_62
                0x0000025c                __vector_77
                0x0000025c                __vector_102
                0x0000025c                __vector_24
                0x0000025c                __vector_12
                0x0000025c                __vector_55
                0x0000025c                __vector_69
                0x0000025c                __vector_81
                0x0000025c                __vector_90
                0x0000025c                __vector_46
                0x0000025c                __bad_interrupt
                0x0000025c                __vector_122
                0x0000025c                __vector_114
                0x0000025c                __vector_6
                0x0000025c                __vector_110
                0x0000025c                __vector_31
                0x0000025c                __vector_92
                0x0000025c                __vector_35
                0x0000025c                __vector_78
                0x0000025c                __vector_117
                0x0000025c                __vector_107
                0x0000025c                __vector_3
                0x0000025c                __vector_105
                0x0000025c                __vector_98
                0x0000025c                __vector_23
                0x0000025c                __vector_68
                0x0000025c                __vector_30
                0x0000025c                __vector_45
                0x0000025c                __vector_25
                0x0000025c                __vector_93
                0x0000025c                __vector_61
                0x0000025c                __vector_11
                0x0000025c                __vector_54
                0x0000025c                __vector_99
                0x0000025c                __vector_13
                0x0000025c                __vector_17
                0x0000025c                __vector_19
                0x0000025c                __vector_56
                0x0000025c                __vector_7
                0x0000025c                __vector_125
                0x0000025c                __vector_49
                0x0000025c                __vector_123
                0x0000025c                __vector_86
                0x0000025c                __vector_100
                0x0000025c                __vector_101
                0x0000025c                __vector_64
                0x0000025c                __vector_88
                0x0000025c                __vector_109
                0x0000025c                __vector_43
                0x0000025c                __vector_27
                0x0000025c                __vector_5
                0x0000025c                __vector_113
                0x0000025c                __vector_33
                0x0000025c                __vector_76
                0x0000025c                __vector_115
                0x0000025c                __vector_47
                0x0000025c                __vector_52
                0x0000025c                __vector_37
                0x0000025c                __vector_95
                0x0000025c                __vector_103
                0x0000025c                __vector_96
                0x0000025c                __vector_89
                0x0000025c                __vector_108
                0x0000025c                __vector_4
                0x0000025c                __vector_44
                0x0000025c                __vector_82
                0x0000025c                __vector_106
                0x0000025c                __vector_118
                0x0000025c                __vector_51
                0x0000025c                __vector_9
                0x0000025c                __vector_2
                0x0000025c                __vector_21
                0x0000025c                __vector_15
                0x0000025c                __vector_66
                0x0000025c                __vector_36
                0x0000025c                __vector_79
                0x0000025c                __vector_58
                0x0000025c                __vector_70
                0x0000025c                __vector_83
                0x0000025c                __vector_29
                0x0000025c                __vector_60
                0x0000025c                __vector_121
                0x0000025c                __vector_85
                0x0000025c                __vector_94
                0x0000025c                __vector_126
                0x0000025c                __vector_8
                0x0000025c                __vector_26
                0x0000025c                __vector_48
                0x0000025c                __vector_124
                0x0000025c                __vector_116
                0x0000025c                __vector_112
                0x0000025c                __vector_111
                0x0000025c                __vector_80
                0x0000025c                __vector_84
                0x0000025c                __vector_57
                0x0000025c                __vector_53
                0x0000025c                __vector_10
                0x0000025c                __vector_50
                0x0000025c                __vector_16
                0x0000025c                __vector_59
                0x0000025c                __vector_18
                0x0000025c                __vector_97
                0x0000025c                __vector_20
                0x0000025c                __vector_87
                0x0000025c                __vector_65
                0x0000025c                __vector_120
                0x0000025e                . = ALIGN (0x2)
 *(.text.*)
 .text.adc_enable_clock
                0x0000025e       0x3e src/ASF/xmega/drivers/adc/adc.o
                0x0000025e                adc_enable_clock
 .text.adc_disable_clock
                0x0000029c       0x3a src/ASF/xmega/drivers/adc/adc.o
                0x0000029c                adc_disable_clock
 .text.adc_enable
                0x000002d6       0x58 src/ASF/xmega/drivers/adc/adc.o
                0x000002d6                adc_enable
 .text.__vector_71
                0x0000032e       0x7a src/ASF/xmega/drivers/adc/xmega_aau/adc_aau.o
                0x0000032e                __vector_71
 .text.__vector_72
                0x000003a8       0x7a src/ASF/xmega/drivers/adc/xmega_aau/adc_aau.o
                0x000003a8                __vector_72
 .text.__vector_73
                0x00000422       0x7a src/ASF/xmega/drivers/adc/xmega_aau/adc_aau.o
                0x00000422                __vector_73
 .text.__vector_74
                0x0000049c       0x7a src/ASF/xmega/drivers/adc/xmega_aau/adc_aau.o
                0x0000049c                __vector_74
 .text.__vector_39
                0x00000516       0x7a src/ASF/xmega/drivers/adc/xmega_aau/adc_aau.o
                0x00000516                __vector_39
 .text.__vector_40
                0x00000590       0x7a src/ASF/xmega/drivers/adc/xmega_aau/adc_aau.o
                0x00000590                __vector_40
 .text.__vector_41
                0x0000060a       0x7a src/ASF/xmega/drivers/adc/xmega_aau/adc_aau.o
                0x0000060a                __vector_41
 .text.__vector_42
                0x00000684       0x7a src/ASF/xmega/drivers/adc/xmega_aau/adc_aau.o
                0x00000684                __vector_42
 .text.adc_write_configuration
                0x000006fe       0xcc src/ASF/xmega/drivers/adc/xmega_aau/adc_aau.o
                0x000006fe                adc_write_configuration
 .text.adc_read_configuration
                0x000007ca       0x72 src/ASF/xmega/drivers/adc/xmega_aau/adc_aau.o
                0x000007ca                adc_read_configuration
 .text.adcch_write_configuration
                0x0000083c       0x96 src/ASF/xmega/drivers/adc/xmega_aau/adc_aau.o
                0x0000083c                adcch_write_configuration
 .text.adcch_read_configuration
                0x000008d2       0x96 src/ASF/xmega/drivers/adc/xmega_aau/adc_aau.o
                0x000008d2                adcch_read_configuration
 .text.MQTTSerialize_connectLength
                0x00000968       0xc2 src/MQTTConnectClient.o
                0x00000968                MQTTSerialize_connectLength
 .text.MQTTSerialize_connect
                0x00000a2a      0x192 src/MQTTConnectClient.o
                0x00000a2a                MQTTSerialize_connect
 .text.MQTTSerialize_zero
                0x00000bbc       0x52 src/MQTTConnectClient.o
                0x00000bbc                MQTTSerialize_zero
 .text.MQTTSerialize_disconnect
                0x00000c0e        0x6 src/MQTTConnectClient.o
                0x00000c0e                MQTTSerialize_disconnect
 .text.MQTTPacket_encode
                0x00000c14       0x4c src/MQTTPacket.o
                0x00000c14                MQTTPacket_encode
 .text.MQTTPacket_len
                0x00000c60       0x1e src/MQTTPacket.o
                0x00000c60                MQTTPacket_len
 .text.writeChar
                0x00000c7e       0x14 src/MQTTPacket.o
                0x00000c7e                writeChar
 .text.writeInt
                0x00000c92       0x3e src/MQTTPacket.o
                0x00000c92                writeInt
 .text.writeCString
                0x00000cd0       0x4c src/MQTTPacket.o
                0x00000cd0                writeCString
 .text.writeMQTTString
                0x00000d1c       0x78 src/MQTTPacket.o
                0x00000d1c                writeMQTTString
 .text.MQTTstrlen
                0x00000d94       0x42 src/MQTTPacket.o
                0x00000d94                MQTTstrlen
 .text.MQTTSerialize_publishLength
                0x00000dd6       0x4a src/MQTTSerializePublish.o
                0x00000dd6                MQTTSerialize_publishLength
 .text.MQTTSerialize_publish
                0x00000e20      0x106 src/MQTTSerializePublish.o
                0x00000e20                MQTTSerialize_publish
 .text.sysclk_enable_module
                0x00000f26       0x2c src/ASF/common/services/clock/xmega/sysclk.o
                0x00000f26                sysclk_enable_module
 .text.sysclk_disable_module
                0x00000f52       0x2a src/ASF/common/services/clock/xmega/sysclk.o
                0x00000f52                sysclk_disable_module
 .text.ioport_configure_port_pin
                0x00000f7c       0x4e src/ASF/common/services/ioport/xmega/ioport_compat.o
                0x00000f7c                ioport_configure_port_pin
 .text.board_init
                0x00000fca       0x4a src/ASF/xmega/boards/xmega_a1u_xplained_pro/board_init.o
                0x00000fca                board_init
 .text.nvm_read_byte
                0x00001014       0x14 src/ASF/xmega/drivers/nvm/nvm_asm.o
                0x00001014                nvm_read_byte
 .text.usart_putchar
                0x00001028       0x10 src/ASF/xmega/drivers/usart/usart.o
                0x00001028                usart_putchar
 .text.usart_set_baudrate
                0x00001038      0x226 src/ASF/xmega/drivers/usart/usart.o
                0x00001038                usart_set_baudrate
 .text.usart_init_rs232
                0x0000125e      0x2c2 src/ASF/xmega/drivers/usart/usart.o
                0x0000125e                usart_init_rs232
 .text.__portable_avr_delay_cycles
                0x00001520       0x16 src/usart_example.o
 .text.usart_tx_at
                0x00001536       0x28 src/usart_example.o
                0x00001536                usart_tx_at
 .text.led_blink
                0x0000155e       0xf0 src/usart_example.o
                0x0000155e                led_blink
 .text.at_timeout_start
                0x0000164e       0x12 src/usart_example.o
                0x0000164e                at_timeout_start
 .text.at_timeout_stop
                0x00001660        0xe src/usart_example.o
                0x00001660                at_timeout_stop
 .text.usart_rx_at
                0x0000166e       0x26 src/usart_example.o
                0x0000166e                usart_rx_at
 .text.at_response
                0x00001694       0xf2 src/usart_example.o
                0x00001694                at_response
 .text.mqtt_packet
                0x00001786      0x1a2 src/usart_example.o
                0x00001786                mqtt_packet
 .text.at_command_timeout_setup
                0x00001928       0x1c src/usart_example.o
                0x00001928                at_command_timeout_setup
 .text.adc_result_average
                0x00001944       0xa2 src/usart_example.o
                0x00001944                adc_result_average
 .text.__vector_14
                0x000019e6       0x6a src/usart_example.o
                0x000019e6                __vector_14
 .text.main     0x00001a50      0x624 src/usart_example.o
                0x00001a50                main
 .text.avr-libc.fplib
                0x00002074        0x4 c:/program files (x86)/atmel/studio/7.0/toolchain/avr8/avr8-gnu-toolchain/bin/../lib/gcc/avr/5.4.0/../../../../avr/lib/avrxmega7\libm.a(divsf3.o)
                0x00002074                __divsf3
 .text.avr-libc.fplib
                0x00002078       0xcc c:/program files (x86)/atmel/studio/7.0/toolchain/avr8/avr8-gnu-toolchain/bin/../lib/gcc/avr/5.4.0/../../../../avr/lib/avrxmega7\libm.a(divsf3x.o)
                0x0000208e                __divsf3x
                0x00002092                __divsf3_pse
 .text.avr-libc.fplib
                0x00002144       0x74 c:/program files (x86)/atmel/studio/7.0/toolchain/avr8/avr8-gnu-toolchain/bin/../lib/gcc/avr/5.4.0/../../../../avr/lib/avrxmega7\libm.a(fixsfdi.o)
                0x00002144                __fixsfdi
                0x0000214e                __fixunssfdi
 .text.avr-libc.fplib
                0x000021b8       0x7c c:/program files (x86)/atmel/studio/7.0/toolchain/avr8/avr8-gnu-toolchain/bin/../lib/gcc/avr/5.4.0/../../../../avr/lib/avrxmega7\libm.a(floatundisf.o)
                0x000021b8                __floatundisf
                0x000021ba                __fp_di2sf
 .text.avr-libc.fplib
                0x00002234        0xc c:/program files (x86)/atmel/studio/7.0/toolchain/avr8/avr8-gnu-toolchain/bin/../lib/gcc/avr/5.4.0/../../../../avr/lib/avrxmega7\libm.a(fp_inf.o)
                0x00002234                __fp_inf
 .text.avr-libc.fplib
                0x00002240        0x6 c:/program files (x86)/atmel/studio/7.0/toolchain/avr8/avr8-gnu-toolchain/bin/../lib/gcc/avr/5.4.0/../../../../avr/lib/avrxmega7\libm.a(fp_nan.o)
                0x00002240                __fp_nan
 .text.avr-libc.fplib
                0x00002246       0x20 c:/program files (x86)/atmel/studio/7.0/toolchain/avr8/avr8-gnu-toolchain/bin/../lib/gcc/avr/5.4.0/../../../../avr/lib/avrxmega7\libm.a(fp_negdi.o)
                0x00002246                __fp_negdi
 .text.avr-libc.fplib
                0x00002266        0xe c:/program files (x86)/atmel/studio/7.0/toolchain/avr8/avr8-gnu-toolchain/bin/../lib/gcc/avr/5.4.0/../../../../avr/lib/avrxmega7\libm.a(fp_pscA.o)
                0x00002266                __fp_pscA
 .text.avr-libc.fplib
                0x00002274        0xe c:/program files (x86)/atmel/studio/7.0/toolchain/avr8/avr8-gnu-toolchain/bin/../lib/gcc/avr/5.4.0/../../../../avr/lib/avrxmega7\libm.a(fp_pscB.o)
                0x00002274                __fp_pscB
 .text.avr-libc.fplib
                0x00002282       0x22 c:/program files (x86)/atmel/studio/7.0/toolchain/avr8/avr8-gnu-toolchain/bin/../lib/gcc/avr/5.4.0/../../../../avr/lib/avrxmega7\libm.a(fp_round.o)
                0x00002282                __fp_round
 .text.avr-libc.fplib
                0x000022a4       0x44 c:/program files (x86)/atmel/studio/7.0/toolchain/avr8/avr8-gnu-toolchain/bin/../lib/gcc/avr/5.4.0/../../../../avr/lib/avrxmega7\libm.a(fp_split3.o)
                0x000022a4                __fp_split3
                0x000022b4                __fp_splitA
 .text.avr-libc.fplib
                0x000022e8        0xe c:/program files (x86)/atmel/studio/7.0/toolchain/avr8/avr8-gnu-toolchain/bin/../lib/gcc/avr/5.4.0/../../../../avr/lib/avrxmega7\libm.a(fp_zero.o)
                0x000022e8                __fp_zero
                0x000022ea                __fp_szero
 .text.libgcc.div
                0x000022f6       0x44 c:/program files (x86)/atmel/studio/7.0/toolchain/avr8/avr8-gnu-toolchain/bin/../lib/gcc/avr/5.4.0/avrxmega7\libgcc.a(_udivmodsi4.o)
                0x000022f6                __udivmodsi4
 .text.libgcc   0x0000233a       0x12 c:/program files (x86)/atmel/studio/7.0/toolchain/avr8/avr8-gnu-toolchain/bin/../lib/gcc/avr/5.4.0/avrxmega7\libgcc.a(_tablejump2.o)
                0x0000233a                __tablejump2__
 .text.libgcc.mul
                0x0000234c       0x92 c:/program files (x86)/atmel/studio/7.0/toolchain/avr8/avr8-gnu-toolchain/bin/../lib/gcc/avr/5.4.0/avrxmega7\libgcc.a(_muldi3.o)
                0x0000234c                __muldi3
 .text.libgcc.mul
                0x000023de       0x10 c:/program files (x86)/atmel/studio/7.0/toolchain/avr8/avr8-gnu-toolchain/bin/../lib/gcc/avr/5.4.0/avrxmega7\libgcc.a(_muldi3_6.o)
                0x000023de                __muldi3_6
 .text.libgcc.div
                0x000023ee       0x1a c:/program files (x86)/atmel/studio/7.0/toolchain/avr8/avr8-gnu-toolchain/bin/../lib/gcc/avr/5.4.0/avrxmega7\libgcc.a(_udivdi3.o)
                0x000023ee                __umoddi3
                0x000023f2                __udivdi3
                0x000023f4                __udivdi3_umoddi3
 .text.libgcc.div
                0x00002408       0xa2 c:/program files (x86)/atmel/studio/7.0/toolchain/avr8/avr8-gnu-toolchain/bin/../lib/gcc/avr/5.4.0/avrxmega7\libgcc.a(_udivmod64.o)
                0x00002408                __udivmod64
 .text.libgcc.mul
                0x000024aa       0x1e c:/program files (x86)/atmel/studio/7.0/toolchain/avr8/avr8-gnu-toolchain/bin/../lib/gcc/avr/5.4.0/avrxmega7\libgcc.a(_umulhisi3.o)
                0x000024aa                __umulhisi3
 .text.avr-libc
                0x000024c8       0x12 c:/program files (x86)/atmel/studio/7.0/toolchain/avr8/avr8-gnu-toolchain/bin/../lib/gcc/avr/5.4.0/../../../../avr/lib/avrxmega7\libc.a(memcpy.o)
                0x000024c8                memcpy
 .text.avr-libc
                0x000024da       0x16 c:/program files (x86)/atmel/studio/7.0/toolchain/avr8/avr8-gnu-toolchain/bin/../lib/gcc/avr/5.4.0/../../../../avr/lib/avrxmega7\libc.a(strcat.o)
                0x000024da                strcat
 .text.avr-libc
                0x000024f0        0xe c:/program files (x86)/atmel/studio/7.0/toolchain/avr8/avr8-gnu-toolchain/bin/../lib/gcc/avr/5.4.0/../../../../avr/lib/avrxmega7\libc.a(strcpy.o)
                0x000024f0                strcpy
 .text.avr-libc
                0x000024fe       0x14 c:/program files (x86)/atmel/studio/7.0/toolchain/avr8/avr8-gnu-toolchain/bin/../lib/gcc/avr/5.4.0/../../../../avr/lib/avrxmega7\libc.a(itoa_ncheck.o)
                0x000024fe                __itoa_ncheck
 .text.avr-libc
                0x00002512       0x32 c:/program files (x86)/atmel/studio/7.0/toolchain/avr8/avr8-gnu-toolchain/bin/../lib/gcc/avr/5.4.0/../../../../avr/lib/avrxmega7\libc.a(utoa_ncheck.o)
                0x00002512                __utoa_ncheck
                0x00002514                __utoa_common
 .text.avr-libc
                0x00002544       0x20 c:/program files (x86)/atmel/studio/7.0/toolchain/avr8/avr8-gnu-toolchain/bin/../lib/gcc/avr/5.4.0/../../../../avr/lib/avrxmega7\libc.a(strrev.o)
                0x00002544                strrev
                0x00002564                . = ALIGN (0x2)
 *(.fini9)
 .fini9         0x00002564        0x0 c:/program files (x86)/atmel/studio/7.0/toolchain/avr8/avr8-gnu-toolchain/bin/../lib/gcc/avr/5.4.0/avrxmega7\libgcc.a(_exit.o)
                0x00002564                _exit
                0x00002564                exit
 *(.fini9)
 *(.fini8)
 *(.fini8)
 *(.fini7)
 *(.fini7)
 *(.fini6)
 *(.fini6)
 *(.fini5)
 *(.fini5)
 *(.fini4)
 *(.fini4)
 *(.fini3)
 *(.fini3)
 *(.fini2)
 *(.fini2)
 *(.fini1)
 *(.fini1)
 *(.fini0)
 .fini0         0x00002564        0x4 c:/program files (x86)/atmel/studio/7.0/toolchain/avr8/avr8-gnu-toolchain/bin/../lib/gcc/avr/5.4.0/avrxmega7\libgcc.a(_exit.o)
 *(.fini0)
                0x00002568                _etext = .

.data           0x00802000      0x13e load address 0x00002568
                0x00802000                PROVIDE (__data_start, .)
 *(.data)
 *(.data*)
 .data.USART_SERIAL_SIM900_OPTIONS.6604
                0x00802000        0x7 src/usart_example.o
 .data.USART_SERIAL_OPTIONS.6603
                0x00802007        0x7 src/usart_example.o
 .data.min_data
                0x0080200e        0x2 src/usart_example.o
                0x0080200e                min_data
 .data.AT_CIPSTART
                0x00802010       0x12 src/usart_example.o
                0x00802010                AT_CIPSTART
 .data.LEN_CIPSTART
                0x00802022        0x1 src/usart_example.o
                0x00802022                LEN_CIPSTART
 .data.AT_CSTT  0x00802023       0x12 src/usart_example.o
                0x00802023                AT_CSTT
 .data.LEN_CSTT
                0x00802035        0x1 src/usart_example.o
                0x00802035                LEN_CSTT
 *(.rodata)
 .rodata        0x00802036       0x31 src/usart_example.o
 *(.rodata*)
 .rodata.str1.1
                0x00802067        0xc src/MQTTConnectClient.o
 .rodata.str1.1
                0x00802073       0xca src/usart_example.o
                                 0xd6 (size before relaxing)
 *(.gnu.linkonce.d*)
                0x0080213e                . = ALIGN (0x2)
 *fill*         0x0080213d        0x1 
                0x0080213e                _edata = .
                0x0080213e                PROVIDE (__data_end, .)

.bss            0x0080213e       0x18
                0x0080213e                PROVIDE (__bss_start, .)
 *(.bss)
 *(.bss*)
 .bss.adcb_enable_count
                0x0080213e        0x1 src/ASF/xmega/drivers/adc/adc.o
 .bss.adca_enable_count
                0x0080213f        0x1 src/ASF/xmega/drivers/adc/adc.o
 .bss.tx_active
                0x00802140        0x1 src/usart_example.o
                0x00802140                tx_active
 .bss.status_at_timeout
                0x00802141        0x1 src/usart_example.o
                0x00802141                status_at_timeout
 .bss.max_data  0x00802142        0x2 src/usart_example.o
                0x00802142                max_data
 .bss.avg_data  0x00802144        0x2 src/usart_example.o
                0x00802144                avg_data
 .bss.accu_data_cnt
                0x00802146        0x2 src/usart_example.o
                0x00802146                accu_data_cnt
 .bss.accu_data
                0x00802148        0x4 src/usart_example.o
                0x00802148                accu_data
 *(COMMON)
 COMMON         0x0080214c        0x6 src/ASF/common/services/sleepmgr/xmega/sleepmgr.o
                0x0080214c                sleepmgr_locks
 COMMON         0x00802152        0x4 src/ASF/xmega/drivers/adc/adc.o
                0x00802152                adcb_callback
                0x00802154                adca_callback
                0x00802156                PROVIDE (__bss_end, .)
                0x00002568                __data_load_start = LOADADDR (.data)
                0x000026a6                __data_load_end = (__data_load_start + SIZEOF (.data))

.noinit         0x00802156        0x0
                [!provide]                PROVIDE (__noinit_start, .)
 *(.noinit*)
                [!provide]                PROVIDE (__noinit_end, .)
                0x00802156                _end = .
                [!provide]                PROVIDE (__heap_start, .)

.eeprom         0x00810000        0x0
 *(.eeprom*)
                0x00810000                __eeprom_end = .

.fuse
 *(.fuse)
 *(.lfuse)
 *(.hfuse)
 *(.efuse)

.lock
 *(.lock*)

.signature
 *(.signature*)

.user_signatures
 *(.user_signatures*)

.stab
 *(.stab)

.stabstr
 *(.stabstr)

.stab.excl
 *(.stab.excl)

.stab.exclstr
 *(.stab.exclstr)

.stab.index
 *(.stab.index)

.stab.indexstr
 *(.stab.indexstr)

.comment        0x00000000       0x30
 *(.comment)
 .comment       0x00000000       0x30 src/ASF/common/services/sleepmgr/xmega/sleepmgr.o
                                 0x31 (size before relaxing)
 .comment       0x00000030       0x31 src/ASF/xmega/drivers/adc/adc.o
 .comment       0x00000030       0x31 src/ASF/xmega/drivers/adc/xmega_aau/adc_aau.o
 .comment       0x00000030       0x31 src/MQTTConnectClient.o
 .comment       0x00000030       0x31 src/MQTTPacket.o
 .comment       0x00000030       0x31 src/MQTTSerializePublish.o
 .comment       0x00000030       0x31 src/ASF/common/services/clock/xmega/sysclk.o
 .comment       0x00000030       0x31 src/ASF/common/services/ioport/xmega/ioport_compat.o
 .comment       0x00000030       0x31 src/ASF/xmega/boards/xmega_a1u_xplained_pro/board_init.o
 .comment       0x00000030       0x31 src/ASF/xmega/drivers/usart/usart.o
 .comment       0x00000030       0x31 src/usart_example.o

.note.gnu.avr.deviceinfo
                0x00000000       0x40
 .note.gnu.avr.deviceinfo
                0x00000000       0x40 C:/Program Files (x86)/Atmel/Studio/7.0/Packs/atmel/XMEGAA_DFP/1.1.68/gcc/dev/atxmega128a1u/avrxmega7/crtatxmega128a1u.o

.note.gnu.build-id
 *(.note.gnu.build-id)

.debug
 *(.debug)

.line
 *(.line)

.debug_srcinfo
 *(.debug_srcinfo)

.debug_sfnames
 *(.debug_sfnames)

.debug_aranges  0x00000000      0x390
 *(.debug_aranges)
 .debug_aranges
                0x00000000       0x18 src/ASF/common/services/sleepmgr/xmega/sleepmgr.o
 .debug_aranges
                0x00000018       0x48 src/ASF/xmega/drivers/adc/adc.o
 .debug_aranges
                0x00000060       0x78 src/ASF/xmega/drivers/adc/xmega_aau/adc_aau.o
 .debug_aranges
                0x000000d8       0x48 src/MQTTConnectClient.o
 .debug_aranges
                0x00000120       0xa0 src/MQTTPacket.o
 .debug_aranges
                0x000001c0       0x48 src/MQTTSerializePublish.o
 .debug_aranges
                0x00000208       0x40 src/ASF/common/services/clock/xmega/sysclk.o
 .debug_aranges
                0x00000248       0x20 src/ASF/common/services/ioport/xmega/ioport_compat.o
 .debug_aranges
                0x00000268       0x20 src/ASF/xmega/boards/xmega_a1u_xplained_pro/board_init.o
 .debug_aranges
                0x00000288       0x28 src/ASF/xmega/drivers/nvm/nvm_asm.o
 .debug_aranges
                0x000002b0       0x58 src/ASF/xmega/drivers/usart/usart.o
 .debug_aranges
                0x00000308       0x88 src/usart_example.o

.debug_pubnames
 *(.debug_pubnames)

.debug_info     0x00000000     0xe506
 *(.debug_info .gnu.linkonce.wi.*)
 .debug_info    0x00000000     0x3e5a C:/Program Files (x86)/Atmel/Studio/7.0/Packs/atmel/XMEGAA_DFP/1.1.68/gcc/dev/atxmega128a1u/avrxmega7/crtatxmega128a1u.o
 .debug_info    0x00003e5a      0x129 src/ASF/common/services/sleepmgr/xmega/sleepmgr.o
 .debug_info    0x00003f83      0xa93 src/ASF/xmega/drivers/adc/adc.o
 .debug_info    0x00004a16      0xe9b src/ASF/xmega/drivers/adc/xmega_aau/adc_aau.o
 .debug_info    0x000058b1      0x9a9 src/MQTTConnectClient.o
 .debug_info    0x0000625a      0xa67 src/MQTTPacket.o
 .debug_info    0x00006cc1      0x6e8 src/MQTTSerializePublish.o
 .debug_info    0x000073a9      0x71c src/ASF/common/services/clock/xmega/sysclk.o
 .debug_info    0x00007ac5      0x121 src/ASF/common/services/ioport/xmega/ioport_compat.o
 .debug_info    0x00007be6      0x507 src/ASF/xmega/boards/xmega_a1u_xplained_pro/board_init.o
 .debug_info    0x000080ed       0xe4 src/ASF/xmega/drivers/nvm/nvm_asm.o
 .debug_info    0x000081d1     0x3281 src/ASF/xmega/drivers/usart/usart.o
 .debug_info    0x0000b452     0x30b4 src/usart_example.o

.debug_abbrev   0x00000000     0x5616
 *(.debug_abbrev)
 .debug_abbrev  0x00000000     0x3b0e C:/Program Files (x86)/Atmel/Studio/7.0/Packs/atmel/XMEGAA_DFP/1.1.68/gcc/dev/atxmega128a1u/avrxmega7/crtatxmega128a1u.o
 .debug_abbrev  0x00003b0e       0x84 src/ASF/common/services/sleepmgr/xmega/sleepmgr.o
 .debug_abbrev  0x00003b92      0x2d2 src/ASF/xmega/drivers/adc/adc.o
 .debug_abbrev  0x00003e64      0x320 src/ASF/xmega/drivers/adc/xmega_aau/adc_aau.o
 .debug_abbrev  0x00004184      0x1e3 src/MQTTConnectClient.o
 .debug_abbrev  0x00004367      0x3a1 src/MQTTPacket.o
 .debug_abbrev  0x00004708      0x1a9 src/MQTTSerializePublish.o
 .debug_abbrev  0x000048b1      0x218 src/ASF/common/services/clock/xmega/sysclk.o
 .debug_abbrev  0x00004ac9       0x95 src/ASF/common/services/ioport/xmega/ioport_compat.o
 .debug_abbrev  0x00004b5e      0x14a src/ASF/xmega/boards/xmega_a1u_xplained_pro/board_init.o
 .debug_abbrev  0x00004ca8       0x12 src/ASF/xmega/drivers/nvm/nvm_asm.o
 .debug_abbrev  0x00004cba      0x3f5 src/ASF/xmega/drivers/usart/usart.o
 .debug_abbrev  0x000050af      0x567 src/usart_example.o

.debug_line     0x00000000     0x555b
 *(.debug_line .debug_line.* .debug_line_end)
 .debug_line    0x00000000      0x3b5 C:/Program Files (x86)/Atmel/Studio/7.0/Packs/atmel/XMEGAA_DFP/1.1.68/gcc/dev/atxmega128a1u/avrxmega7/crtatxmega128a1u.o
 .debug_line    0x000003b5      0x456 src/ASF/common/services/sleepmgr/xmega/sleepmgr.o
 .debug_line    0x0000080b      0x7da src/ASF/xmega/drivers/adc/adc.o
 .debug_line    0x00000fe5      0x98a src/ASF/xmega/drivers/adc/xmega_aau/adc_aau.o
 .debug_line    0x0000196f      0x3ed src/MQTTConnectClient.o
 .debug_line    0x00001d5c      0x5ed src/MQTTPacket.o
 .debug_line    0x00002349      0x300 src/MQTTSerializePublish.o
 .debug_line    0x00002649      0x645 src/ASF/common/services/clock/xmega/sysclk.o
 .debug_line    0x00002c8e      0x4b3 src/ASF/common/services/ioport/xmega/ioport_compat.o
 .debug_line    0x00003141      0x4ea src/ASF/xmega/boards/xmega_a1u_xplained_pro/board_init.o
 .debug_line    0x0000362b      0x11f src/ASF/xmega/drivers/nvm/nvm_asm.o
 .debug_line    0x0000374a      0xdba src/ASF/xmega/drivers/usart/usart.o
 .debug_line    0x00004504     0x1057 src/usart_example.o

.debug_frame    0x00000000      0xdb0
 *(.debug_frame)
 .debug_frame   0x00000000       0xbc src/ASF/xmega/drivers/adc/adc.o
 .debug_frame   0x000000bc      0x3e4 src/ASF/xmega/drivers/adc/xmega_aau/adc_aau.o
 .debug_frame   0x000004a0      0x10c src/MQTTConnectClient.o
 .debug_frame   0x000005ac      0x230 src/MQTTPacket.o
 .debug_frame   0x000007dc      0x140 src/MQTTSerializePublish.o
 .debug_frame   0x0000091c       0x94 src/ASF/common/services/clock/xmega/sysclk.o
 .debug_frame   0x000009b0       0x30 src/ASF/common/services/ioport/xmega/ioport_compat.o
 .debug_frame   0x000009e0       0x24 src/ASF/xmega/boards/xmega_a1u_xplained_pro/board_init.o
 .debug_frame   0x00000a04      0x150 src/ASF/xmega/drivers/usart/usart.o
 .debug_frame   0x00000b54      0x25c src/usart_example.o

.debug_str      0x00000000    0x3550e
 *(.debug_str)
 .debug_str     0x00000000     0x2969 C:/Program Files (x86)/Atmel/Studio/7.0/Packs/atmel/XMEGAA_DFP/1.1.68/gcc/dev/atxmega128a1u/avrxmega7/crtatxmega128a1u.o
 .debug_str     0x00002969    0x2ace3 src/ASF/common/services/sleepmgr/xmega/sleepmgr.o
                              0x2b32d (size before relaxing)
 .debug_str     0x0002d64c     0x36a8 src/ASF/xmega/drivers/adc/adc.o
                              0x2ea1d (size before relaxing)
 .debug_str     0x00030cf4      0x5c4 src/ASF/xmega/drivers/adc/xmega_aau/adc_aau.o
                              0x2ecb0 (size before relaxing)
 .debug_str     0x000312b8      0xbfc src/MQTTConnectClient.o
                               0x47c9 (size before relaxing)
 .debug_str     0x00031eb4      0x12d src/MQTTPacket.o
                               0x46bb (size before relaxing)
 .debug_str     0x00031fe1       0xbe src/MQTTSerializePublish.o
                               0x469f (size before relaxing)
 .debug_str     0x0003209f      0x264 src/ASF/common/services/clock/xmega/sysclk.o
                              0x2e00a (size before relaxing)
 .debug_str     0x00032303      0x6c0 src/ASF/common/services/ioport/xmega/ioport_compat.o
                              0x2b621 (size before relaxing)
 .debug_str     0x000329c3      0x199 src/ASF/xmega/boards/xmega_a1u_xplained_pro/board_init.o
                              0x2d8da (size before relaxing)
 .debug_str     0x00032b5c      0xd1c src/ASF/xmega/drivers/usart/usart.o
                              0x2f459 (size before relaxing)
 .debug_str     0x00033878     0x1c96 src/usart_example.o
                              0x31c44 (size before relaxing)

.debug_loc      0x00000000     0x50cf
 *(.debug_loc)
 .debug_loc     0x00000000      0x2b3 src/ASF/xmega/drivers/adc/adc.o
 .debug_loc     0x000002b3      0xd3c src/ASF/xmega/drivers/adc/xmega_aau/adc_aau.o
 .debug_loc     0x00000fef      0x6d1 src/MQTTConnectClient.o
 .debug_loc     0x000016c0      0xed1 src/MQTTPacket.o
 .debug_loc     0x00002591      0x82c src/MQTTSerializePublish.o
 .debug_loc     0x00002dbd      0x2c5 src/ASF/common/services/clock/xmega/sysclk.o
 .debug_loc     0x00003082       0x66 src/ASF/common/services/ioport/xmega/ioport_compat.o
 .debug_loc     0x000030e8       0xf6 src/ASF/xmega/boards/xmega_a1u_xplained_pro/board_init.o
 .debug_loc     0x000031de      0xe0d src/ASF/xmega/drivers/usart/usart.o
 .debug_loc     0x00003feb     0x10e4 src/usart_example.o

.debug_macinfo
 *(.debug_macinfo)

.debug_weaknames
 *(.debug_weaknames)

.debug_funcnames
 *(.debug_funcnames)

.debug_typenames
 *(.debug_typenames)

.debug_varnames
 *(.debug_varnames)

.debug_pubtypes
 *(.debug_pubtypes)

.debug_ranges   0x00000000      0x3a0
 *(.debug_ranges)
 .debug_ranges  0x00000000       0x38 src/ASF/xmega/drivers/adc/adc.o
 .debug_ranges  0x00000038       0x68 src/ASF/xmega/drivers/adc/xmega_aau/adc_aau.o
 .debug_ranges  0x000000a0       0x38 src/MQTTConnectClient.o
 .debug_ranges  0x000000d8       0xa8 src/MQTTPacket.o
 .debug_ranges  0x00000180       0x38 src/MQTTSerializePublish.o
 .debug_ranges  0x000001b8       0x30 src/ASF/common/services/clock/xmega/sysclk.o
 .debug_ranges  0x000001e8       0x10 src/ASF/common/services/ioport/xmega/ioport_compat.o
 .debug_ranges  0x000001f8       0x10 src/ASF/xmega/boards/xmega_a1u_xplained_pro/board_init.o
 .debug_ranges  0x00000208       0x20 src/ASF/xmega/drivers/nvm/nvm_asm.o
 .debug_ranges  0x00000228       0x80 src/ASF/xmega/drivers/usart/usart.o
 .debug_ranges  0x000002a8       0xf8 src/usart_example.o

.debug_macro    0x00000000     0xc374
 *(.debug_macro)
 .debug_macro   0x00000000      0x1a3 src/ASF/common/services/sleepmgr/xmega/sleepmgr.o
 .debug_macro   0x000001a3      0xa96 src/ASF/common/services/sleepmgr/xmega/sleepmgr.o
 .debug_macro   0x00000c39       0x10 src/ASF/common/services/sleepmgr/xmega/sleepmgr.o
 .debug_macro   0x00000c49      0x1c9 src/ASF/common/services/sleepmgr/xmega/sleepmgr.o
 .debug_macro   0x00000e12      0x2fc src/ASF/common/services/sleepmgr/xmega/sleepmgr.o
 .debug_macro   0x0000110e       0x9e src/ASF/common/services/sleepmgr/xmega/sleepmgr.o
 .debug_macro   0x000011ac     0x6dbc src/ASF/common/services/sleepmgr/xmega/sleepmgr.o
 .debug_macro   0x00007f68       0x9a src/ASF/common/services/sleepmgr/xmega/sleepmgr.o
 .debug_macro   0x00008002       0xf1 src/ASF/common/services/sleepmgr/xmega/sleepmgr.o
 .debug_macro   0x000080f3       0x34 src/ASF/common/services/sleepmgr/xmega/sleepmgr.o
 .debug_macro   0x00008127       0x16 src/ASF/common/services/sleepmgr/xmega/sleepmgr.o
 .debug_macro   0x0000813d       0x18 src/ASF/common/services/sleepmgr/xmega/sleepmgr.o
 .debug_macro   0x00008155       0x5e src/ASF/common/services/sleepmgr/xmega/sleepmgr.o
 .debug_macro   0x000081b3       0x10 src/ASF/common/services/sleepmgr/xmega/sleepmgr.o
 .debug_macro   0x000081c3       0x22 src/ASF/common/services/sleepmgr/xmega/sleepmgr.o
 .debug_macro   0x000081e5      0x16d src/ASF/common/services/sleepmgr/xmega/sleepmgr.o
 .debug_macro   0x00008352       0x1c src/ASF/common/services/sleepmgr/xmega/sleepmgr.o
 .debug_macro   0x0000836e       0x35 src/ASF/common/services/sleepmgr/xmega/sleepmgr.o
 .debug_macro   0x000083a3       0x66 src/ASF/common/services/sleepmgr/xmega/sleepmgr.o
 .debug_macro   0x00008409      0x64b src/ASF/common/services/sleepmgr/xmega/sleepmgr.o
 .debug_macro   0x00008a54       0x97 src/ASF/common/services/sleepmgr/xmega/sleepmgr.o
 .debug_macro   0x00008aeb       0x17 src/ASF/common/services/sleepmgr/xmega/sleepmgr.o
 .debug_macro   0x00008b02      0x250 src/ASF/common/services/sleepmgr/xmega/sleepmgr.o
 .debug_macro   0x00008d52       0x76 src/ASF/common/services/sleepmgr/xmega/sleepmgr.o
 .debug_macro   0x00008dc8       0x16 src/ASF/common/services/sleepmgr/xmega/sleepmgr.o
 .debug_macro   0x00008dde      0x6e3 src/ASF/common/services/sleepmgr/xmega/sleepmgr.o
 .debug_macro   0x000094c1       0x10 src/ASF/common/services/sleepmgr/xmega/sleepmgr.o
 .debug_macro   0x000094d1      0x175 src/ASF/common/services/sleepmgr/xmega/sleepmgr.o
 .debug_macro   0x00009646       0x40 src/ASF/common/services/sleepmgr/xmega/sleepmgr.o
 .debug_macro   0x00009686       0x69 src/ASF/common/services/sleepmgr/xmega/sleepmgr.o
 .debug_macro   0x000096ef       0x32 src/ASF/common/services/sleepmgr/xmega/sleepmgr.o
 .debug_macro   0x00009721       0xe4 src/ASF/common/services/sleepmgr/xmega/sleepmgr.o
 .debug_macro   0x00009805       0x10 src/ASF/common/services/sleepmgr/xmega/sleepmgr.o
 .debug_macro   0x00009815       0x42 src/ASF/common/services/sleepmgr/xmega/sleepmgr.o
 .debug_macro   0x00009857      0x23f src/ASF/xmega/drivers/adc/adc.o
 .debug_macro   0x00009a96       0x10 src/ASF/xmega/drivers/adc/adc.o
 .debug_macro   0x00009aa6       0x20 src/ASF/xmega/drivers/adc/adc.o
 .debug_macro   0x00009ac6      0x2c6 src/ASF/xmega/drivers/adc/adc.o
 .debug_macro   0x00009d8c       0x16 src/ASF/xmega/drivers/adc/adc.o
 .debug_macro   0x00009da2      0x530 src/ASF/xmega/drivers/adc/adc.o
 .debug_macro   0x0000a2d2       0x7d src/ASF/xmega/drivers/adc/adc.o
 .debug_macro   0x0000a34f       0x2f src/ASF/xmega/drivers/adc/adc.o
 .debug_macro   0x0000a37e      0x170 src/ASF/xmega/drivers/adc/adc.o
 .debug_macro   0x0000a4ee       0xe3 src/ASF/xmega/drivers/adc/adc.o
 .debug_macro   0x0000a5d1      0x23f src/ASF/xmega/drivers/adc/xmega_aau/adc_aau.o
 .debug_macro   0x0000a810       0xbd src/MQTTConnectClient.o
 .debug_macro   0x0000a8cd       0x1c src/MQTTConnectClient.o
 .debug_macro   0x0000a8e9       0x16 src/MQTTConnectClient.o
 .debug_macro   0x0000a8ff       0x58 src/MQTTConnectClient.o
 .debug_macro   0x0000a957       0x10 src/MQTTConnectClient.o
 .debug_macro   0x0000a967       0x97 src/MQTTConnectClient.o
 .debug_macro   0x0000a9fe       0xf2 src/MQTTConnectClient.o
 .debug_macro   0x0000aaf0       0x4c src/MQTTConnectClient.o
 .debug_macro   0x0000ab3c       0x16 src/MQTTConnectClient.o
 .debug_macro   0x0000ab52       0x20 src/MQTTConnectClient.o
 .debug_macro   0x0000ab72       0x16 src/MQTTConnectClient.o
 .debug_macro   0x0000ab88       0xc3 src/MQTTPacket.o
 .debug_macro   0x0000ac4b       0xbd src/MQTTSerializePublish.o
 .debug_macro   0x0000ad08      0x1eb src/ASF/common/services/clock/xmega/sysclk.o
 .debug_macro   0x0000aef3       0x26 src/ASF/common/services/clock/xmega/sysclk.o
 .debug_macro   0x0000af19      0x195 src/ASF/common/services/ioport/xmega/ioport_compat.o
 .debug_macro   0x0000b0ae       0x9a src/ASF/common/services/ioport/xmega/ioport_compat.o
 .debug_macro   0x0000b148      0x109 src/ASF/common/services/ioport/xmega/ioport_compat.o
 .debug_macro   0x0000b251      0x1bd src/ASF/xmega/boards/xmega_a1u_xplained_pro/board_init.o
 .debug_macro   0x0000b40e      0x2c0 src/ASF/xmega/boards/xmega_a1u_xplained_pro/board_init.o
 .debug_macro   0x0000b6ce      0x233 src/ASF/xmega/drivers/usart/usart.o
 .debug_macro   0x0000b901      0x302 src/ASF/xmega/drivers/usart/usart.o
 .debug_macro   0x0000bc03       0x34 src/ASF/xmega/drivers/usart/usart.o
 .debug_macro   0x0000bc37      0x3c4 src/usart_example.o
 .debug_macro   0x0000bffb       0x40 src/usart_example.o
 .debug_macro   0x0000c03b       0x34 src/usart_example.o
 .debug_macro   0x0000c06f       0x28 src/usart_example.o
 .debug_macro   0x0000c097       0x23 src/usart_example.o
 .debug_macro   0x0000c0ba       0x40 src/usart_example.o
 .debug_macro   0x0000c0fa       0x3a src/usart_example.o
 .debug_macro   0x0000c134       0x34 src/usart_example.o
 .debug_macro   0x0000c168       0xac src/usart_example.o
 .debug_macro   0x0000c214      0x160 src/usart_example.o
OUTPUT(USART_SIM900.elf elf32-avr)
LOAD linker stubs

.BOOT           0x00020000        0x0
