Archive member included to satisfy reference by file (symbol)

c:/program files (x86)/atmel/studio/7.0/toolchain/avr8/avr8-gnu-toolchain/bin/../lib/gcc/avr/5.4.0/../../../../avr/lib/avr5\libm.a(cmpsf2.o)
                              main.o (__ltsf2)
c:/program files (x86)/atmel/studio/7.0/toolchain/avr8/avr8-gnu-toolchain/bin/../lib/gcc/avr/5.4.0/../../../../avr/lib/avr5\libm.a(divsf3.o)
                              main.o (__divsf3)
c:/program files (x86)/atmel/studio/7.0/toolchain/avr8/avr8-gnu-toolchain/bin/../lib/gcc/avr/5.4.0/../../../../avr/lib/avr5\libm.a(divsf3x.o)
                              c:/program files (x86)/atmel/studio/7.0/toolchain/avr8/avr8-gnu-toolchain/bin/../lib/gcc/avr/5.4.0/../../../../avr/lib/avr5\libm.a(divsf3.o) (__divsf3x)
c:/program files (x86)/atmel/studio/7.0/toolchain/avr8/avr8-gnu-toolchain/bin/../lib/gcc/avr/5.4.0/../../../../avr/lib/avr5\libm.a(fixunssfsi.o)
                              main.o (__fixunssfsi)
c:/program files (x86)/atmel/studio/7.0/toolchain/avr8/avr8-gnu-toolchain/bin/../lib/gcc/avr/5.4.0/../../../../avr/lib/avr5\libm.a(floatsisf.o)
                              main.o (__floatunsisf)
c:/program files (x86)/atmel/studio/7.0/toolchain/avr8/avr8-gnu-toolchain/bin/../lib/gcc/avr/5.4.0/../../../../avr/lib/avr5\libm.a(floatundisf.o)
                              main.o (__floatundisf)
c:/program files (x86)/atmel/studio/7.0/toolchain/avr8/avr8-gnu-toolchain/bin/../lib/gcc/avr/5.4.0/../../../../avr/lib/avr5\libm.a(fp_cmp.o)
                              c:/program files (x86)/atmel/studio/7.0/toolchain/avr8/avr8-gnu-toolchain/bin/../lib/gcc/avr/5.4.0/../../../../avr/lib/avr5\libm.a(cmpsf2.o) (__fp_cmp)
c:/program files (x86)/atmel/studio/7.0/toolchain/avr8/avr8-gnu-toolchain/bin/../lib/gcc/avr/5.4.0/../../../../avr/lib/avr5\libm.a(fp_inf.o)
                              c:/program files (x86)/atmel/studio/7.0/toolchain/avr8/avr8-gnu-toolchain/bin/../lib/gcc/avr/5.4.0/../../../../avr/lib/avr5\libm.a(divsf3x.o) (__fp_inf)
c:/program files (x86)/atmel/studio/7.0/toolchain/avr8/avr8-gnu-toolchain/bin/../lib/gcc/avr/5.4.0/../../../../avr/lib/avr5\libm.a(fp_nan.o)
                              c:/program files (x86)/atmel/studio/7.0/toolchain/avr8/avr8-gnu-toolchain/bin/../lib/gcc/avr/5.4.0/../../../../avr/lib/avr5\libm.a(divsf3x.o) (__fp_nan)
c:/program files (x86)/atmel/studio/7.0/toolchain/avr8/avr8-gnu-toolchain/bin/../lib/gcc/avr/5.4.0/../../../../avr/lib/avr5\libm.a(fp_pscA.o)
                              c:/program files (x86)/atmel/studio/7.0/toolchain/avr8/avr8-gnu-toolchain/bin/../lib/gcc/avr/5.4.0/../../../../avr/lib/avr5\libm.a(divsf3x.o) (__fp_pscA)
c:/program files (x86)/atmel/studio/7.0/toolchain/avr8/avr8-gnu-toolchain/bin/../lib/gcc/avr/5.4.0/../../../../avr/lib/avr5\libm.a(fp_pscB.o)
                              c:/program files (x86)/atmel/studio/7.0/toolchain/avr8/avr8-gnu-toolchain/bin/../lib/gcc/avr/5.4.0/../../../../avr/lib/avr5\libm.a(divsf3x.o) (__fp_pscB)
c:/program files (x86)/atmel/studio/7.0/toolchain/avr8/avr8-gnu-toolchain/bin/../lib/gcc/avr/5.4.0/../../../../avr/lib/avr5\libm.a(fp_round.o)
                              c:/program files (x86)/atmel/studio/7.0/toolchain/avr8/avr8-gnu-toolchain/bin/../lib/gcc/avr/5.4.0/../../../../avr/lib/avr5\libm.a(divsf3.o) (__fp_round)
c:/program files (x86)/atmel/studio/7.0/toolchain/avr8/avr8-gnu-toolchain/bin/../lib/gcc/avr/5.4.0/../../../../avr/lib/avr5\libm.a(fp_split3.o)
                              c:/program files (x86)/atmel/studio/7.0/toolchain/avr8/avr8-gnu-toolchain/bin/../lib/gcc/avr/5.4.0/../../../../avr/lib/avr5\libm.a(divsf3x.o) (__fp_split3)
c:/program files (x86)/atmel/studio/7.0/toolchain/avr8/avr8-gnu-toolchain/bin/../lib/gcc/avr/5.4.0/../../../../avr/lib/avr5\libm.a(fp_zero.o)
                              c:/program files (x86)/atmel/studio/7.0/toolchain/avr8/avr8-gnu-toolchain/bin/../lib/gcc/avr/5.4.0/../../../../avr/lib/avr5\libm.a(fixunssfsi.o) (__fp_zero)
c:/program files (x86)/atmel/studio/7.0/toolchain/avr8/avr8-gnu-toolchain/bin/../lib/gcc/avr/5.4.0/../../../../avr/lib/avr5\libm.a(gesf2.o)
                              main.o (__gtsf2)
c:/program files (x86)/atmel/studio/7.0/toolchain/avr8/avr8-gnu-toolchain/bin/../lib/gcc/avr/5.4.0/../../../../avr/lib/avr5\libm.a(pow.o)
                              main.o (pow)
c:/program files (x86)/atmel/studio/7.0/toolchain/avr8/avr8-gnu-toolchain/bin/../lib/gcc/avr/5.4.0/../../../../avr/lib/avr5\libm.a(exp.o)
                              c:/program files (x86)/atmel/studio/7.0/toolchain/avr8/avr8-gnu-toolchain/bin/../lib/gcc/avr/5.4.0/../../../../avr/lib/avr5\libm.a(pow.o) (exp)
c:/program files (x86)/atmel/studio/7.0/toolchain/avr8/avr8-gnu-toolchain/bin/../lib/gcc/avr/5.4.0/../../../../avr/lib/avr5\libm.a(fp_powser.o)
                              c:/program files (x86)/atmel/studio/7.0/toolchain/avr8/avr8-gnu-toolchain/bin/../lib/gcc/avr/5.4.0/../../../../avr/lib/avr5\libm.a(exp.o) (__fp_powser)
[...]
Memory Configuration

Name             Origin             Length             Attributes
text             0x00000000         0x00020000         xr
data             0x00800060         0x0000ffa0         rw !x
eeprom           0x00810000         0x00010000         rw !x
fuse             0x00820000         0x00000003         rw !x
lock             0x00830000         0x00000400         rw !x
signature        0x00840000         0x00000400         rw !x
user_signatures  0x00850000         0x00000400         rw !x
*default*        0x00000000         0xffffffff

Linker script and memory map

Address of section .data set to 0x800100
LOAD C:/Program Files (x86)/Atmel/Studio/7.0/Packs/atmel/ATmega_DFP/1.2.132/gcc/dev/atmega328p/avr5/crtatmega328p.o
LOAD main.o
LOAD src/ASF/common/services/clock/mega/sysclk.o
LOAD src/ASF/mega/drivers/usart/usart_mega.o
LOAD src/MQTTConnectClient.o
LOAD src/MQTTConnectServer.o
LOAD src/MQTTDeserializePublish.o
LOAD src/MQTTFormat.o
LOAD src/MQTTPacket.o
LOAD src/MQTTSerializePublish.o
LOAD src/MQTTSubscribeClient.o
LOAD src/MQTTSubscribeServer.o
LOAD src/MQTTUnsubscribeClient.o
LOAD src/MQTTUnsubscribeServer.o
LOAD src/MQTT_functions.o
LOAD src/ASF/common/boards/user_board/init.o
START GROUP
LOAD c:/program files (x86)/atmel/studio/7.0/toolchain/avr8/avr8-gnu-toolchain/bin/../lib/gcc/avr/5.4.0/../../../../avr/lib/avr5\libm.a
END GROUP
START GROUP
LOAD c:/program files (x86)/atmel/studio/7.0/toolchain/avr8/avr8-gnu-toolchain/bin/../lib/gcc/avr/5.4.0/avr5\libgcc.a
LOAD c:/program files (x86)/atmel/studio/7.0/toolchain/avr8/avr8-gnu-toolchain/bin/../lib/gcc/avr/5.4.0/../../../../avr/lib/avr5\libm.a
LOAD c:/program files (x86)/atmel/studio/7.0/toolchain/avr8/avr8-gnu-toolchain/bin/../lib/gcc/avr/5.4.0/../../../../avr/lib/avr5\libc.a
LOAD C:/Program Files (x86)/Atmel/Studio/7.0/Packs/atmel/ATmega_DFP/1.2.132/gcc/dev/atmega328p/avr5\libatmega328p.a
END GROUP
                0x00020000                __TEXT_REGION_LENGTH__ = DEFINED (__TEXT_REGION_LENGTH__)?__TEXT_REGION_LENGTH__:0x20000
                0x0000ffa0                __DATA_REGION_LENGTH__ = DEFINED (__DATA_REGION_LENGTH__)?__DATA_REGION_LENGTH__:0xffa0
                0x00010000                __EEPROM_REGION_LENGTH__ = DEFINED (__EEPROM_REGION_LENGTH__)?__EEPROM_REGION_LENGTH__:0x10000
                [0x00000003]                __FUSE_REGION_LENGTH__ = DEFINED (__FUSE_REGION_LENGTH__)?__FUSE_REGION_LENGTH__:0x400
                0x00000400                __LOCK_REGION_LENGTH__ = DEFINED (__LOCK_REGION_LENGTH__)?__LOCK_REGION_LENGTH__:0x400
                0x00000400                __SIGNATURE_REGION_LENGTH__ = DEFINED (__SIGNATURE_REGION_LENGTH__)?__SIGNATURE_REGION_LENGTH__:0x400
                0x00000400                __USER_SIGNATURE_REGION_LENGTH__ = DEFINED (__USER_SIGNATURE_REGION_LENGTH__)?__USER_SIGNATURE_REGION_LENGTH__:0x400

.hash
 *(.hash)

.dynsym
 *(.dynsym)

.dynstr
 *(.dynstr)

.gnu.version
 *(.gnu.version)

.gnu.version_d
 *(.gnu.version_d)

.gnu.version_r
 *(.gnu.version_r)

.rel.init
 *(.rel.init)

.rela.init
 *(.rela.init)

.rel.text
 *(.rel.text)
 *(.rel.text.*)
 *(.rel.gnu.linkonce.t*)

.rela.text
 *(.rela.text)
 *(.rela.text.*)
 *(.rela.gnu.linkonce.t*)

.rel.fini
 *(.rel.fini)

.rela.fini
 *(.rela.fini)

.rel.rodata
 *(.rel.rodata)
 *(.rel.rodata.*)
 *(.rel.gnu.linkonce.r*)

.rela.rodata
 *(.rela.rodata)
 *(.rela.rodata.*)
 *(.rela.gnu.linkonce.r*)

.rel.data
 *(.rel.data)
 *(.rel.data.*)
 *(.rel.gnu.linkonce.d*)

.rela.data
 *(.rela.data)
 *(.rela.data.*)
 *(.rela.gnu.linkonce.d*)

.rel.ctors
 *(.rel.ctors)

.rela.ctors
 *(.rela.ctors)

.rel.dtors
 *(.rel.dtors)

.rela.dtors
 *(.rela.dtors)

.rel.got
 *(.rel.got)

.rela.got
 *(.rela.got)

.rel.bss
 *(.rel.bss)

.rela.bss
 *(.rela.bss)

.rel.plt
 *(.rel.plt)

.rela.plt
 *(.rela.plt)

.text           0x00000000     0x21dc
 *(.vectors)
 .vectors       0x00000000       0x68 C:/Program Files (x86)/Atmel/Studio/7.0/Packs/atmel/ATmega_DFP/1.2.132/gcc/dev/atmega328p/avr5/crtatmega328p.o
                0x00000000                __vector_default
                0x00000000                __vectors
 *(.vectors)
 *(.progmem.gcc*)
 .progmem.gcc_sw_table.__vector_6
                0x00000068       0x18 main.o
 .progmem.gcc_fplib
                0x00000080       0x28 c:/program files (x86)/atmel/studio/7.0/toolchain/avr8/avr8-gnu-toolchain/bin/../lib/gcc/avr/5.4.0/../../../../avr/lib/avr5\libm.a(exp.o)
 .progmem.gcc_fplib
                0x000000a8       0x5a c:/program files (x86)/atmel/studio/7.0/toolchain/avr8/avr8-gnu-toolchain/bin/../lib/gcc/avr/5.4.0/../../../../avr/lib/avr5\libm.a(log.o)
                0x00000102                . = ALIGN (0x2)
                0x00000102                __trampolines_start = .
 *(.trampolines)
 .trampolines   0x00000102        0x0 linker stubs
 *(.trampolines*)
                0x00000102                __trampolines_end = .
 *libprintf_flt.a:*(.progmem.data)
 *libc.a:*(.progmem.data)
 *(.progmem*)
                0x00000102                . = ALIGN (0x2)
 *(.jumptables)
 *(.jumptables*)
 *(.lowtext)
 *(.lowtext*)
                0x00000102                __ctors_start = .
 *(.ctors)
                0x00000102                __ctors_end = .
                0x00000102                __dtors_start = .
 *(.dtors)
                0x00000102                __dtors_end = .
 SORT(*)(.ctors)
 SORT(*)(.dtors)
 *(.init0)
 .init0         0x00000102        0x0 C:/Program Files (x86)/Atmel/Studio/7.0/Packs/atmel/ATmega_DFP/1.2.132/gcc/dev/atmega328p/avr5/crtatmega328p.o
                0x00000102                __init
 *(.init0)
 *(.init1)
 *(.init1)
 *(.init2)
 .init2         0x00000102        0xc C:/Program Files (x86)/Atmel/Studio/7.0/Packs/atmel/ATmega_DFP/1.2.132/gcc/dev/atmega328p/avr5/crtatmega328p.o
 *(.init2)
 *(.init3)
 *(.init3)
 *(.init4)
 .init4         0x0000010e       0x16 c:/program files (x86)/atmel/studio/7.0/toolchain/avr8/avr8-gnu-toolchain/bin/../lib/gcc/avr/5.4.0/avr5\libgcc.a(_copy_data.o)
                0x0000010e                __do_copy_data
 .init4         0x00000124       0x10 c:/program files (x86)/atmel/studio/7.0/toolchain/avr8/avr8-gnu-toolchain/bin/../lib/gcc/avr/5.4.0/avr5\libgcc.a(_clear_bss.o)
                0x00000124                __do_clear_bss
 *(.init4)
 *(.init5)
 *(.init5)
 *(.init6)
 *(.init6)
 *(.init7)
 *(.init7)
 *(.init8)
 *(.init8)
 *(.init9)
 .init9         0x00000134        0x6 C:/Program Files (x86)/Atmel/Studio/7.0/Packs/atmel/ATmega_DFP/1.2.132/gcc/dev/atmega328p/avr5/crtatmega328p.o
 *(.init9)
 *(.text)
 .text          0x0000013a        0x2 C:/Program Files (x86)/Atmel/Studio/7.0/Packs/atmel/ATmega_DFP/1.2.132/gcc/dev/atmega328p/avr5/crtatmega328p.o
                0x0000013a                __vector_22
                0x0000013a                __vector_1
                0x0000013a                __vector_24
                0x0000013a                __vector_12
                0x0000013a                __bad_interrupt
                0x0000013a                __vector_3
                0x0000013a                __vector_23
                0x0000013a                __vector_25
                0x0000013a                __vector_11
                0x0000013a                __vector_13
                0x0000013a                __vector_17
                0x0000013a                __vector_19
                0x0000013a                __vector_7
                0x0000013a                __vector_5
                0x0000013a                __vector_4
                0x0000013a                __vector_9
                0x0000013a                __vector_2
                0x0000013a                __vector_21
                0x0000013a                __vector_15
                0x0000013a                __vector_8
                0x0000013a                __vector_14
                0x0000013a                __vector_10
                0x0000013a                __vector_16
                0x0000013a                __vector_18
                0x0000013a                __vector_20
                0x0000013c                . = ALIGN (0x2)
 *(.text.*)
 .text.__portable_avr_delay_cycles
                0x0000013c       0x16 main.o
 .text.usart_tx_at
                0x00000152       0x28 main.o
                0x00000152                usart_tx_at
 .text.usart_rx_at
                0x0000017a       0x6e main.o
                0x0000017a                usart_rx_at
 .text.at_response
                0x000001e8       0x7c main.o
                0x000001e8                at_response
 .text.radio_pins_init
                0x00000264        0x6 main.o
                0x00000264                radio_pins_init
 .text.radio_power_down
                0x0000026a       0x20 main.o
                0x0000026a                radio_power_down
 .text.reset_tx_data
                0x0000028a       0x20 main.o
                0x0000028a                reset_tx_data
 .text.reset_char_array
                0x000002aa       0x1c main.o
                0x000002aa                reset_char_array
 .text.reset_all_data
                0x000002c6       0x1e main.o
                0x000002c6                reset_all_data
 .text.rtc_init_period
                0x000002e4       0x10 main.o
                0x000002e4                rtc_init_period
 .text.led_blink
                0x000002f4       0xbe main.o
                0x000002f4                led_blink
 .text.adc_result_average
                0x000003b2      0x11a main.o
                0x000003b2                adc_result_average
 .text.radio_power_on
                0x000004cc       0x76 main.o
                0x000004cc                radio_power_on
 .text.at_get_radio_network_time
                0x00000542       0x72 main.o
                0x00000542                at_get_radio_network_time
 .text.tx_at_response
                0x000005b4       0x82 main.o
                0x000005b4                tx_at_response
 .text.at_rf_connect
                0x00000636      0x150 main.o
                0x00000636                at_rf_connect
 .text.at_rf_disconnect
                0x00000786       0x24 main.o
                0x00000786                at_rf_disconnect
 .text.tx       0x000007aa       0x66 main.o
                0x000007aa                tx
 .text.data_to_char
                0x00000810      0x1f8 main.o
                0x00000810                data_to_char
 .text.loadcell_min_max_tran
                0x00000a08       0x7a main.o
                0x00000a08                loadcell_min_max_tran
 .text.__vector_6
                0x00000a82      0x3b0 main.o
                0x00000a82                __vector_6
 .text.main     0x00000e32       0x34 main.o
                0x00000e32                main
 .text.sysclk_init
                0x00000e66       0x3a src/ASF/common/services/clock/mega/sysclk.o
                0x00000e66                sysclk_init
 .text.sysclk_enable_module
                0x00000ea0       0x2c src/ASF/common/services/clock/mega/sysclk.o
                0x00000ea0                sysclk_enable_module
 .text.usart_putchar
                0x00000ecc        0xe src/ASF/mega/drivers/usart/usart_mega.o
                0x00000ecc                usart_putchar
 .text.usart_set_baudrate
                0x00000eda      0x112 src/ASF/mega/drivers/usart/usart_mega.o
                0x00000eda                usart_set_baudrate
 .text.usart_init_rs232
                0x00000fec       0x84 src/ASF/mega/drivers/usart/usart_mega.o
                0x00000fec                usart_init_rs232
 .text.MQTTSerialize_connectLength
                0x00001070       0xc2 src/MQTTConnectClient.o
                0x00001070                MQTTSerialize_connectLength
 .text.MQTTSerialize_connect
                0x00001132      0x190 src/MQTTConnectClient.o
                0x00001132                MQTTSerialize_connect
 .text.MQTTSerialize_zero
                0x000012c2       0x50 src/MQTTConnectClient.o
                0x000012c2                MQTTSerialize_zero
 .text.MQTTSerialize_disconnect
                0x00001312        0x6 src/MQTTConnectClient.o
                0x00001312                MQTTSerialize_disconnect
 .text.MQTTPacket_encode
                0x00001318       0x4c src/MQTTPacket.o
                0x00001318                MQTTPacket_encode
 .text.MQTTPacket_len
                0x00001364       0x1e src/MQTTPacket.o
                0x00001364                MQTTPacket_len
 .text.writeChar
                0x00001382       0x14 src/MQTTPacket.o
                0x00001382                writeChar
 .text.writeInt
                0x00001396       0x3e src/MQTTPacket.o
                0x00001396                writeInt
 .text.writeCString
                0x000013d4       0x4a src/MQTTPacket.o
                0x000013d4                writeCString
 .text.writeMQTTString
                0x0000141e       0x7e src/MQTTPacket.o
                0x0000141e                writeMQTTString
 .text.MQTTstrlen
                0x0000149c       0x4a src/MQTTPacket.o
                0x0000149c                MQTTstrlen
 .text.MQTTSerialize_publishLength
                0x000014e6       0x52 src/MQTTSerializePublish.o
                0x000014e6                MQTTSerialize_publishLength
 .text.MQTTSerialize_publish
                0x00001538      0x110 src/MQTTSerializePublish.o
                0x00001538                MQTTSerialize_publish
 .text.mqtt_packet
                0x00001648      0x122 src/MQTT_functions.o
                0x00001648                mqtt_packet
 .text.board_init
                0x0000176a        0x2 src/ASF/common/boards/user_board/init.o
                0x0000176a                board_init
 .text.avr-libc.fplib
                0x0000176c        0x8 c:/program files (x86)/atmel/studio/7.0/toolchain/avr8/avr8-gnu-toolchain/bin/../lib/gcc/avr/5.4.0/../../../../avr/lib/avr5\libm.a(cmpsf2.o)
                0x0000176c                __nesf2
                0x0000176c                __eqsf2
                0x0000176c                __cmpsf2
                0x0000176c                __ltsf2
                0x0000176c                __lesf2
 .text.avr-libc.fplib
                0x00001774        0x4 c:/program files (x86)/atmel/studio/7.0/toolchain/avr8/avr8-gnu-toolchain/bin/../lib/gcc/avr/5.4.0/../../../../avr/lib/avr5\libm.a(divsf3.o)
                0x00001774                __divsf3
 .text.avr-libc.fplib
                0x00001778       0xcc c:/program files (x86)/atmel/studio/7.0/toolchain/avr8/avr8-gnu-toolchain/bin/../lib/gcc/avr/5.4.0/../../../../avr/lib/avr5\libm.a(divsf3x.o)
                0x0000178e                __divsf3x
                0x00001792                __divsf3_pse
 .text.avr-libc.fplib
                0x00001844       0x58 c:/program files (x86)/atmel/studio/7.0/toolchain/avr8/avr8-gnu-toolchain/bin/../lib/gcc/avr/5.4.0/../../../../avr/lib/avr5\libm.a(fixunssfsi.o)
                0x00001844                __fixunssfsi
 .text.avr-libc.fplib
                0x0000189c       0x7a c:/program files (x86)/atmel/studio/7.0/toolchain/avr8/avr8-gnu-toolchain/bin/../lib/gcc/avr/5.4.0/../../../../avr/lib/avr5\libm.a(floatsisf.o)
                0x0000189c                __floatunsisf
                0x000018a0                __floatsisf
 .text.avr-libc.fplib
                0x00001916       0x7c c:/program files (x86)/atmel/studio/7.0/toolchain/avr8/avr8-gnu-toolchain/bin/../lib/gcc/avr/5.4.0/../../../../avr/lib/avr5\libm.a(floatundisf.o)
                0x00001916                __floatundisf
                0x00001918                __fp_di2sf
 .text.avr-libc.fplib
                0x00001992       0x48 c:/program files (x86)/atmel/studio/7.0/toolchain/avr8/avr8-gnu-toolchain/bin/../lib/gcc/avr/5.4.0/../../../../avr/lib/avr5\libm.a(fp_cmp.o)
                0x00001992                __fp_cmp
 .text.avr-libc.fplib
                0x000019da        0xc c:/program files (x86)/atmel/studio/7.0/toolchain/avr8/avr8-gnu-toolchain/bin/../lib/gcc/avr/5.4.0/../../../../avr/lib/avr5\libm.a(fp_inf.o)
                0x000019da                __fp_inf
 .text.avr-libc.fplib
                0x000019e6        0x6 c:/program files (x86)/atmel/studio/7.0/toolchain/avr8/avr8-gnu-toolchain/bin/../lib/gcc/avr/5.4.0/../../../../avr/lib/avr5\libm.a(fp_nan.o)
                0x000019e6                __fp_nan
 .text.avr-libc.fplib
                0x000019ec        0xe c:/program files (x86)/atmel/studio/7.0/toolchain/avr8/avr8-gnu-toolchain/bin/../lib/gcc/avr/5.4.0/../../../../avr/lib/avr5\libm.a(fp_pscA.o)
                0x000019ec                __fp_pscA
 .text.avr-libc.fplib
                0x000019fa        0xe c:/program files (x86)/atmel/studio/7.0/toolchain/avr8/avr8-gnu-toolchain/bin/../lib/gcc/avr/5.4.0/../../../../avr/lib/avr5\libm.a(fp_pscB.o)
                0x000019fa                __fp_pscB
 .text.avr-libc.fplib
                0x00001a08       0x22 c:/program files (x86)/atmel/studio/7.0/toolchain/avr8/avr8-gnu-toolchain/bin/../lib/gcc/avr/5.4.0/../../../../avr/lib/avr5\libm.a(fp_round.o)
                0x00001a08                __fp_round
 .text.avr-libc.fplib
                0x00001a2a       0x44 c:/program files (x86)/atmel/studio/7.0/toolchain/avr8/avr8-gnu-toolchain/bin/../lib/gcc/avr/5.4.0/../../../../avr/lib/avr5\libm.a(fp_split3.o)
                0x00001a2a                __fp_split3
                0x00001a3a                __fp_splitA
 .text.avr-libc.fplib
                0x00001a6e        0xe c:/program files (x86)/atmel/studio/7.0/toolchain/avr8/avr8-gnu-toolchain/bin/../lib/gcc/avr/5.4.0/../../../../avr/lib/avr5\libm.a(fp_zero.o)
                0x00001a6e                __fp_zero
                0x00001a70                __fp_szero
 .text.avr-libc.fplib
                0x00001a7c        0x8 c:/program files (x86)/atmel/studio/7.0/toolchain/avr8/avr8-gnu-toolchain/bin/../lib/gcc/avr/5.4.0/../../../../avr/lib/avr5\libm.a(gesf2.o)
                0x00001a7c                __gesf2
                0x00001a7c                __gtsf2
 .text.avr-libc.fplib
                0x00001a84       0x98 c:/program files (x86)/atmel/studio/7.0/toolchain/avr8/avr8-gnu-toolchain/bin/../lib/gcc/avr/5.4.0/../../../../avr/lib/avr5\libm.a(pow.o)
                0x00001a84                pow
 .text.avr-libc.fplib
                0x00001b1c       0x62 c:/program files (x86)/atmel/studio/7.0/toolchain/avr8/avr8-gnu-toolchain/bin/../lib/gcc/avr/5.4.0/../../../../avr/lib/avr5\libm.a(exp.o)
                0x00001b26                exp
 .text.avr-libc.fplib
                0x00001b7e       0x4a c:/program files (x86)/atmel/studio/7.0/toolchain/avr8/avr8-gnu-toolchain/bin/../lib/gcc/avr/5.4.0/../../../../avr/lib/avr5\libm.a(fp_powser.o)
                0x00001b7e                __fp_powser
 .text.avr-libc.fplib
                0x00001bc8        0xe c:/program files (x86)/atmel/studio/7.0/toolchain/avr8/avr8-gnu-toolchain/bin/../lib/gcc/avr/5.4.0/../../../../avr/lib/avr5\libm.a(inverse.o)
                0x00001bc8                inverse
 .text.avr-libc.fplib
                0x00001bd6       0x6c c:/program files (x86)/atmel/studio/7.0/toolchain/avr8/avr8-gnu-toolchain/bin/../lib/gcc/avr/5.4.0/../../../../avr/lib/avr5\libm.a(ldexp.o)
                0x00001bda                ldexp
 .text.avr-libc.fplib
                0x00001c42       0x8a c:/program files (x86)/atmel/studio/7.0/toolchain/avr8/avr8-gnu-toolchain/bin/../lib/gcc/avr/5.4.0/../../../../avr/lib/avr5\libm.a(log.o)
                0x00001c4c                log
 .text.avr-libc.fplib
                0x00001ccc       0x66 c:/program files (x86)/atmel/studio/7.0/toolchain/avr8/avr8-gnu-toolchain/bin/../lib/gcc/avr/5.4.0/../../../../avr/lib/avr5\libm.a(modf.o)
                0x00001ccc                modf
                0x00001ccc                modff
 .text.avr-libc.fplib
                0x00001d32        0x4 c:/program files (x86)/atmel/studio/7.0/toolchain/avr8/avr8-gnu-toolchain/bin/../lib/gcc/avr/5.4.0/../../../../avr/lib/avr5\libm.a(mulsf3.o)
                0x00001d32                __mulsf3
 .text.avr-libc.fplib
                0x00001d36       0xc2 c:/program files (x86)/atmel/studio/7.0/toolchain/avr8/avr8-gnu-toolchain/bin/../lib/gcc/avr/5.4.0/../../../../avr/lib/avr5\libm.a(mulsf3x.o)
                0x00001d4a                __mulsf3x
                0x00001d4e                __mulsf3_pse
 .text.avr-libc.fplib
                0x00001df8        0xa c:/program files (x86)/atmel/studio/7.0/toolchain/avr8/avr8-gnu-toolchain/bin/../lib/gcc/avr/5.4.0/../../../../avr/lib/avr5\libm.a(addsf3.o)
                0x00001df8                __subsf3
                0x00001dfa                __addsf3
 .text.avr-libc.fplib
                0x00001e02       0xc0 c:/program files (x86)/atmel/studio/7.0/toolchain/avr8/avr8-gnu-toolchain/bin/../lib/gcc/avr/5.4.0/../../../../avr/lib/avr5\libm.a(addsf3x.o)
                0x00001e1c                __addsf3x
 .text.avr-libc.fplib
                0x00001ec2       0x1c c:/program files (x86)/atmel/studio/7.0/toolchain/avr8/avr8-gnu-toolchain/bin/../lib/gcc/avr/5.4.0/../../../../avr/lib/avr5\libm.a(fp_mpack.o)
                0x00001ec2                __fp_mpack
                0x00001ec6                __fp_mpack_finite
 .text.libgcc.div
                0x00001ede       0x44 c:/program files (x86)/atmel/studio/7.0/toolchain/avr8/avr8-gnu-toolchain/bin/../lib/gcc/avr/5.4.0/avr5\libgcc.a(_udivmodsi4.o)
                0x00001ede                __udivmodsi4
 .text.libgcc   0x00001f22        0xc c:/program files (x86)/atmel/studio/7.0/toolchain/avr8/avr8-gnu-toolchain/bin/../lib/gcc/avr/5.4.0/avr5\libgcc.a(_tablejump2.o)
                0x00001f22                __tablejump2__
 .text.libgcc.mul
                0x00001f2e       0x92 c:/program files (x86)/atmel/studio/7.0/toolchain/avr8/avr8-gnu-toolchain/bin/../lib/gcc/avr/5.4.0/avr5\libgcc.a(_muldi3.o)
                0x00001f2e                __muldi3
 .text.libgcc.mul
                0x00001fc0       0x10 c:/program files (x86)/atmel/studio/7.0/toolchain/avr8/avr8-gnu-toolchain/bin/../lib/gcc/avr/5.4.0/avr5\libgcc.a(_muldi3_6.o)
                0x00001fc0                __muldi3_6
 .text.libgcc.div
                0x00001fd0       0x1a c:/program files (x86)/atmel/studio/7.0/toolchain/avr8/avr8-gnu-toolchain/bin/../lib/gcc/avr/5.4.0/avr5\libgcc.a(_udivdi3.o)
                0x00001fd0                __umoddi3
                0x00001fd4                __udivdi3
                0x00001fd6                __udivdi3_umoddi3
 .text.libgcc.div
                0x00001fea       0xa2 c:/program files (x86)/atmel/studio/7.0/toolchain/avr8/avr8-gnu-toolchain/bin/../lib/gcc/avr/5.4.0/avr5\libgcc.a(_udivmod64.o)
                0x00001fea                __udivmod64
 .text.libgcc.mul
                0x0000208c       0x1e c:/program files (x86)/atmel/studio/7.0/toolchain/avr8/avr8-gnu-toolchain/bin/../lib/gcc/avr/5.4.0/avr5\libgcc.a(_umulhisi3.o)
                0x0000208c                __umulhisi3
 .text.avr-libc
                0x000020aa       0x3a c:/program files (x86)/atmel/studio/7.0/toolchain/avr8/avr8-gnu-toolchain/bin/../lib/gcc/avr/5.4.0/../../../../avr/lib/avr5\libc.a(atoi.o)
                0x000020aa                atoi
 .text.avr-libc
                0x000020e4       0x12 c:/program files (x86)/atmel/studio/7.0/toolchain/avr8/avr8-gnu-toolchain/bin/../lib/gcc/avr/5.4.0/../../../../avr/lib/avr5\libc.a(memcpy.o)
                0x000020e4                memcpy
 .text.avr-libc
                0x000020f6       0x16 c:/program files (x86)/atmel/studio/7.0/toolchain/avr8/avr8-gnu-toolchain/bin/../lib/gcc/avr/5.4.0/../../../../avr/lib/avr5\libc.a(strcat.o)
                0x000020f6                strcat
 .text.avr-libc
                0x0000210c        0xe c:/program files (x86)/atmel/studio/7.0/toolchain/avr8/avr8-gnu-toolchain/bin/../lib/gcc/avr/5.4.0/../../../../avr/lib/avr5\libc.a(strcpy.o)
                0x0000210c                strcpy
 .text.avr-libc
                0x0000211a       0x34 c:/program files (x86)/atmel/studio/7.0/toolchain/avr8/avr8-gnu-toolchain/bin/../lib/gcc/avr/5.4.0/../../../../avr/lib/avr5\libc.a(strstr.o)
                0x0000211a                strstr
 .text.avr-libc
                0x0000214e       0x14 c:/program files (x86)/atmel/studio/7.0/toolchain/avr8/avr8-gnu-toolchain/bin/../lib/gcc/avr/5.4.0/../../../../avr/lib/avr5\libc.a(itoa.o)
                0x0000214e                __itoa
                0x0000214e                itoa
 .text.avr-libc
                0x00002162       0x14 c:/program files (x86)/atmel/studio/7.0/toolchain/avr8/avr8-gnu-toolchain/bin/../lib/gcc/avr/5.4.0/../../../../avr/lib/avr5\libc.a(itoa_ncheck.o)
                0x00002162                __itoa_ncheck
 .text.avr-libc
                0x00002176       0x10 c:/program files (x86)/atmel/studio/7.0/toolchain/avr8/avr8-gnu-toolchain/bin/../lib/gcc/avr/5.4.0/../../../../avr/lib/avr5\libc.a(mul10.o)
                0x00002176                __mulhi_const_10
 .text.avr-libc
                0x00002186       0x32 c:/program files (x86)/atmel/studio/7.0/toolchain/avr8/avr8-gnu-toolchain/bin/../lib/gcc/avr/5.4.0/../../../../avr/lib/avr5\libc.a(utoa_ncheck.o)
                0x00002186                __utoa_ncheck
                0x00002188                __utoa_common
 .text.avr-libc
                0x000021b8       0x20 c:/program files (x86)/atmel/studio/7.0/toolchain/avr8/avr8-gnu-toolchain/bin/../lib/gcc/avr/5.4.0/../../../../avr/lib/avr5\libc.a(strrev.o)
                0x000021b8                strrev
                0x000021d8                . = ALIGN (0x2)
 *(.fini9)
 .fini9         0x000021d8        0x0 c:/program files (x86)/atmel/studio/7.0/toolchain/avr8/avr8-gnu-toolchain/bin/../lib/gcc/avr/5.4.0/avr5\libgcc.a(_exit.o)
                0x000021d8                _exit
                0x000021d8                exit
 *(.fini9)
 *(.fini8)
 *(.fini8)
 *(.fini7)
 *(.fini7)
 *(.fini6)
 *(.fini6)
 *(.fini5)
 *(.fini5)
 *(.fini4)
 *(.fini4)
 *(.fini3)
 *(.fini3)
 *(.fini2)
 *(.fini2)
 *(.fini1)
 *(.fini1)
 *(.fini0)
 .fini0         0x000021d8        0x4 c:/program files (x86)/atmel/studio/7.0/toolchain/avr8/avr8-gnu-toolchain/bin/../lib/gcc/avr/5.4.0/avr5\libgcc.a(_exit.o)
 *(.fini0)
                0x000021dc                _etext = .

.data           0x00800100      0x1da load address 0x000021dc
                0x00800100                PROVIDE (__data_start, .)
 *(.data)
 *(.data*)
 .data.USART_OPTIONS.3508
                0x00800100        0x7 main.o
 .data.tx_data_reset_values
                0x00800107       0x22 main.o
 .data.wdt_counter
                0x00800129        0x2 main.o
                0x00800129                wdt_counter
 *(.rodata)
 .rodata        0x0080012b       0x31 src/MQTT_functions.o
 *(.rodata*)
 .rodata.str1.1
                0x0080015c      0x169 main.o
                                0x171 (size before relaxing)
 .rodata.str1.1
                0x008002c5        0xc src/MQTTConnectClient.o
 .rodata.str1.1
                0x008002d1        0x8 src/MQTT_functions.o
                                  0x9 (size before relaxing)
 *(.gnu.linkonce.d*)
                0x008002da                . = ALIGN (0x2)
 *fill*         0x008002d9        0x1 
                0x008002da                _edata = .
                0x008002da                PROVIDE (__data_end, .)

.bss            0x008002da      0x20f
                0x008002da                PROVIDE (__bss_start, .)
 *(.bss)
 *(.bss*)
 .bss.transfer_data_length_package
                0x008002da        0x2 main.o
                0x008002da                transfer_data_length_package
 .bss.tx_data_package
                0x008002dc      0x100 main.o
                0x008002dc                tx_data_package
 .bss.tx_data_bytes
                0x008003dc       0x80 main.o
                0x008003dc                tx_data_bytes
 .bss.RTC_ISR_ACTIVE
                0x0080045c        0x1 main.o
                0x0080045c                RTC_ISR_ACTIVE
 .bss.accu_data
                0x0080045d        0x4 main.o
                0x0080045d                accu_data
 .bss.controller_next_state
                0x00800461        0x1 main.o
                0x00800461                controller_next_state
 .bss.controller_state
                0x00800462        0x1 main.o
                0x00800462                controller_state
 *(COMMON)
 COMMON         0x00800463       0x86 main.o
                0x00800463                response
                0x008004c7                tx_data
                0x008004e9                PROVIDE (__bss_end, .)
                0x000021dc                __data_load_start = LOADADDR (.data)
                0x000023b6                __data_load_end = (__data_load_start + SIZEOF (.data))

.noinit         0x008004e9        0x0
                [!provide]                PROVIDE (__noinit_start, .)
 *(.noinit*)
                [!provide]                PROVIDE (__noinit_end, .)
                0x008004e9                _end = .
                [!provide]                PROVIDE (__heap_start, .)

.eeprom         0x00810000        0x0
 *(.eeprom*)
                0x00810000                __eeprom_end = .

.fuse
 *(.fuse)
 *(.lfuse)
 *(.hfuse)
 *(.efuse)

.lock
 *(.lock*)

.signature
 *(.signature*)

.user_signatures
 *(.user_signatures*)

.stab
 *(.stab)

.stabstr
 *(.stabstr)

.stab.excl
 *(.stab.excl)

.stab.exclstr
 *(.stab.exclstr)

.stab.index
 *(.stab.index)

.stab.indexstr
 *(.stab.indexstr)

.comment        0x00000000       0x30
 *(.comment)
 .comment       0x00000000       0x30 main.o
                                 0x31 (size before relaxing)
 .comment       0x00000030       0x31 src/ASF/common/services/clock/mega/sysclk.o
 .comment       0x00000030       0x31 src/ASF/mega/drivers/usart/usart_mega.o
 .comment       0x00000030       0x31 src/MQTTConnectClient.o
 .comment       0x00000030       0x31 src/MQTTPacket.o
 .comment       0x00000030       0x31 src/MQTTSerializePublish.o
 .comment       0x00000030       0x31 src/MQTT_functions.o
 .comment       0x00000030       0x31 src/ASF/common/boards/user_board/init.o

.note.gnu.avr.deviceinfo
                0x00000000       0x40
 .note.gnu.avr.deviceinfo
                0x00000000       0x40 C:/Program Files (x86)/Atmel/Studio/7.0/Packs/atmel/ATmega_DFP/1.2.132/gcc/dev/atmega328p/avr5/crtatmega328p.o

.note.gnu.build-id
 *(.note.gnu.build-id)

.debug
 *(.debug)

.line
 *(.line)

.debug_srcinfo
 *(.debug_srcinfo)

.debug_sfnames
 *(.debug_sfnames)

.debug_aranges  0x00000000      0x2c8
 *(.debug_aranges)
 .debug_aranges
                0x00000000       0xd8 main.o
 .debug_aranges
                0x000000d8       0x30 src/ASF/common/services/clock/mega/sysclk.o
 .debug_aranges
                0x00000108       0x50 src/ASF/mega/drivers/usart/usart_mega.o
 .debug_aranges
                0x00000158       0x48 src/MQTTConnectClient.o
 .debug_aranges
                0x000001a0       0xa0 src/MQTTPacket.o
 .debug_aranges
                0x00000240       0x48 src/MQTTSerializePublish.o
 .debug_aranges
                0x00000288       0x20 src/MQTT_functions.o
 .debug_aranges
                0x000002a8       0x20 src/ASF/common/boards/user_board/init.o

.debug_pubnames
 *(.debug_pubnames)

.debug_info     0x00000000     0x4cb8
 *(.debug_info .gnu.linkonce.wi.*)
 .debug_info    0x00000000      0x5f4 C:/Program Files (x86)/Atmel/Studio/7.0/Packs/atmel/ATmega_DFP/1.2.132/gcc/dev/atmega328p/avr5/crtatmega328p.o
 .debug_info    0x000005f4     0x1b0a main.o
 .debug_info    0x000020fe      0x2ac src/ASF/common/services/clock/mega/sysclk.o
 .debug_info    0x000023aa      0x9a0 src/ASF/mega/drivers/usart/usart_mega.o
 .debug_info    0x00002d4a      0x9a9 src/MQTTConnectClient.o
 .debug_info    0x000036f3      0xa67 src/MQTTPacket.o
 .debug_info    0x0000415a      0x6e8 src/MQTTSerializePublish.o
 .debug_info    0x00004842      0x36e src/MQTT_functions.o
 .debug_info    0x00004bb0      0x108 src/ASF/common/boards/user_board/init.o

.debug_abbrev   0x00000000     0x1850
 *(.debug_abbrev)
 .debug_abbrev  0x00000000      0x5a2 C:/Program Files (x86)/Atmel/Studio/7.0/Packs/atmel/ATmega_DFP/1.2.132/gcc/dev/atmega328p/avr5/crtatmega328p.o
 .debug_abbrev  0x000005a2      0x527 main.o
 .debug_abbrev  0x00000ac9      0x1a6 src/ASF/common/services/clock/mega/sysclk.o
 .debug_abbrev  0x00000c6f      0x2ff src/ASF/mega/drivers/usart/usart_mega.o
 .debug_abbrev  0x00000f6e      0x1e3 src/MQTTConnectClient.o
 .debug_abbrev  0x00001151      0x3a1 src/MQTTPacket.o
 .debug_abbrev  0x000014f2      0x1a9 src/MQTTSerializePublish.o
 .debug_abbrev  0x0000169b      0x12a src/MQTT_functions.o
 .debug_abbrev  0x000017c5       0x8b src/ASF/common/boards/user_board/init.o

.debug_line     0x00000000     0x317e
 *(.debug_line .debug_line.* .debug_line_end)
 .debug_line    0x00000000      0x133 C:/Program Files (x86)/Atmel/Studio/7.0/Packs/atmel/ATmega_DFP/1.2.132/gcc/dev/atmega328p/avr5/crtatmega328p.o
 .debug_line    0x00000133      0xfaf main.o
 .debug_line    0x000010e2      0x4b9 src/ASF/common/services/clock/mega/sysclk.o
 .debug_line    0x0000159b      0x70d src/ASF/mega/drivers/usart/usart_mega.o
 .debug_line    0x00001ca8      0x3ed src/MQTTConnectClient.o
 .debug_line    0x00002095      0x5ed src/MQTTPacket.o
 .debug_line    0x00002682      0x300 src/MQTTSerializePublish.o
 .debug_line    0x00002982      0x23c src/MQTT_functions.o
 .debug_line    0x00002bbe      0x5c0 src/ASF/common/boards/user_board/init.o

.debug_frame    0x00000000      0xae8
 *(.debug_frame)
 .debug_frame   0x00000000      0x420 main.o
 .debug_frame   0x00000420       0x74 src/ASF/common/services/clock/mega/sysclk.o
 .debug_frame   0x00000494      0x130 src/ASF/mega/drivers/usart/usart_mega.o
 .debug_frame   0x000005c4      0x10c src/MQTTConnectClient.o
 .debug_frame   0x000006d0      0x230 src/MQTTPacket.o
 .debug_frame   0x00000900      0x140 src/MQTTSerializePublish.o
 .debug_frame   0x00000a40       0x84 src/MQTT_functions.o
 .debug_frame   0x00000ac4       0x24 src/ASF/common/boards/user_board/init.o

.debug_str      0x00000000    0x12ef8
 *(.debug_str)
 .debug_str     0x00000000      0x208 C:/Program Files (x86)/Atmel/Studio/7.0/Packs/atmel/ATmega_DFP/1.2.132/gcc/dev/atmega328p/avr5/crtatmega328p.o
 .debug_str     0x00000208    0x1238f main.o
                              0x12637 (size before relaxing)
 .debug_str     0x00012597       0x8f src/ASF/common/services/clock/mega/sysclk.o
                               0xf779 (size before relaxing)
 .debug_str     0x00012626      0x352 src/ASF/mega/drivers/usart/usart_mega.o
                              0x102f5 (size before relaxing)
 .debug_str     0x00012978      0x340 src/MQTTConnectClient.o
                               0x46c8 (size before relaxing)
 .debug_str     0x00012cb8      0x133 src/MQTTPacket.o
                               0x45ba (size before relaxing)
 .debug_str     0x00012deb       0xbe src/MQTTSerializePublish.o
                               0x459e (size before relaxing)
 .debug_str     0x00012ea9       0x24 src/MQTT_functions.o
                               0x44c3 (size before relaxing)
 .debug_str     0x00012ecd       0x2b src/ASF/common/boards/user_board/init.o
                              0x10452 (size before relaxing)

.debug_loc      0x00000000     0x40c8
 *(.debug_loc)
 .debug_loc     0x00000000     0x1465 main.o
 .debug_loc     0x00001465      0x1c4 src/ASF/common/services/clock/mega/sysclk.o
 .debug_loc     0x00001629      0xacb src/ASF/mega/drivers/usart/usart_mega.o
 .debug_loc     0x000020f4      0x6d1 src/MQTTConnectClient.o
 .debug_loc     0x000027c5      0xed1 src/MQTTPacket.o
 .debug_loc     0x00003696      0x82c src/MQTTSerializePublish.o
 .debug_loc     0x00003ec2      0x206 src/MQTT_functions.o

.debug_macinfo
 *(.debug_macinfo)

.debug_weaknames
 *(.debug_weaknames)

.debug_funcnames
 *(.debug_funcnames)

.debug_typenames
 *(.debug_typenames)

.debug_varnames
 *(.debug_varnames)

.debug_pubtypes
 *(.debug_pubtypes)

.debug_ranges   0x00000000      0x290
 *(.debug_ranges)
 .debug_ranges  0x00000000       0xf8 main.o
 .debug_ranges  0x000000f8       0x20 src/ASF/common/services/clock/mega/sysclk.o
 .debug_ranges  0x00000118       0x40 src/ASF/mega/drivers/usart/usart_mega.o
 .debug_ranges  0x00000158       0x38 src/MQTTConnectClient.o
 .debug_ranges  0x00000190       0xa8 src/MQTTPacket.o
 .debug_ranges  0x00000238       0x38 src/MQTTSerializePublish.o
 .debug_ranges  0x00000270       0x10 src/MQTT_functions.o
 .debug_ranges  0x00000280       0x10 src/ASF/common/boards/user_board/init.o

.debug_macro    0x00000000     0x4f62
 *(.debug_macro)
 .debug_macro   0x00000000      0x420 main.o
 .debug_macro   0x00000420      0xa4e main.o
 .debug_macro   0x00000e6e       0x10 main.o
 .debug_macro   0x00000e7e      0x1c9 main.o
 .debug_macro   0x00001047      0x2fc main.o
 .debug_macro   0x00001343       0x9e main.o
 .debug_macro   0x000013e1     0x1410 main.o
 .debug_macro   0x000027f1      0x13a main.o
 .debug_macro   0x0000292b       0xbd main.o
 .debug_macro   0x000029e8       0x34 main.o
 .debug_macro   0x00002a1c       0x18 main.o
 .debug_macro   0x00002a34       0x6c main.o
 .debug_macro   0x00002aa0       0x22 main.o
 .debug_macro   0x00002ac2      0x16d main.o
 .debug_macro   0x00002c2f       0x1c main.o
 .debug_macro   0x00002c4b       0x35 main.o
 .debug_macro   0x00002c80       0x66 main.o
 .debug_macro   0x00002ce6      0x64b main.o
 .debug_macro   0x00003331       0x44 main.o
 .debug_macro   0x00003375       0x69 main.o
 .debug_macro   0x000033de       0x2c main.o
 .debug_macro   0x0000340a       0x10 main.o
 .debug_macro   0x0000341a       0xe2 main.o
 .debug_macro   0x000034fc       0x40 main.o
 .debug_macro   0x0000353c      0x100 main.o
 .debug_macro   0x0000363c       0x1c main.o
 .debug_macro   0x00003658       0x10 main.o
 .debug_macro   0x00003668       0x22 main.o
 .debug_macro   0x0000368a       0x3a main.o
 .debug_macro   0x000036c4      0x2c6 main.o
 .debug_macro   0x0000398a       0x7d main.o
 .debug_macro   0x00003a07       0x28 main.o
 .debug_macro   0x00003a2f       0x23 main.o
 .debug_macro   0x00003a52       0x56 main.o
 .debug_macro   0x00003aa8       0x40 main.o
 .debug_macro   0x00003ae8      0x1ce main.o
 .debug_macro   0x00003cb6       0x16 main.o
 .debug_macro   0x00003ccc      0x160 main.o
 .debug_macro   0x00003e2c       0x1c main.o
 .debug_macro   0x00003e48       0x16 main.o
 .debug_macro   0x00003e5e       0x58 main.o
 .debug_macro   0x00003eb6       0x10 main.o
 .debug_macro   0x00003ec6       0xf2 main.o
 .debug_macro   0x00003fb8       0x4c main.o
 .debug_macro   0x00004004       0x3a main.o
 .debug_macro   0x0000403e      0x188 main.o
 .debug_macro   0x000041c6       0x46 main.o
 .debug_macro   0x0000420c      0x15b src/ASF/common/services/clock/mega/sysclk.o
 .debug_macro   0x00004367      0x182 src/ASF/mega/drivers/usart/usart_mega.o
 .debug_macro   0x000044e9      0x302 src/ASF/mega/drivers/usart/usart_mega.o
 .debug_macro   0x000047eb      0x1c8 src/ASF/mega/drivers/usart/usart_mega.o
 .debug_macro   0x000049b3       0xbd src/MQTTConnectClient.o
 .debug_macro   0x00004a70       0x97 src/MQTTConnectClient.o
 .debug_macro   0x00004b07       0x20 src/MQTTConnectClient.o
 .debug_macro   0x00004b27       0x16 src/MQTTConnectClient.o
 .debug_macro   0x00004b3d       0xc3 src/MQTTPacket.o
 .debug_macro   0x00004c00       0xbd src/MQTTSerializePublish.o
 .debug_macro   0x00004cbd       0xc7 src/MQTT_functions.o
 .debug_macro   0x00004d84      0x1de src/ASF/common/boards/user_board/init.o
OUTPUT(NB_IOT_MEGA328P.elf elf32-avr)
LOAD linker stubs
